<html>
<body>
<pre>
<h1>礦ision Build Log</h1>
<h2>Tool Versions:</h2>
IDE-Version: μVision V5.14.0.0
Copyright (C) 2015 ARM Ltd and ARM Germany GmbH. All rights reserved.
License Information: fsfssfsf fsffsf, sfsfsf, LIC=2TTGK-Z76SZ-HPAZN-YHVVE-8GH9X-B47US
 
Tool Versions:
Toolchain:       MDK-ARM Professional  Version: 5.14.0.0
Toolchain Path:  G:\keil\ARM\ARMCC\Bin
C Compiler:      Armcc.exe V5.05 update 1 (build 106)
Assembler:       Armasm.exe V5.05 update 1 (build 106)
Linker/Locator:  ArmLink.exe V5.05 update 1 (build 106)
Library Manager: ArmAr.exe V5.05 update 1 (build 106)
Hex Converter:   FromElf.exe V5.05 update 1 (build 106)
CPU DLL:         SARMCM3.DLL V5.14.0.0
Dialog DLL:      DCM.DLL V1.13.1.0
Target DLL:      Segger\JL2CM3.dll V2.99.13.0
Dialog DLL:      TCM.DLL V1.14.4.0
 
<h2>Project:</h2>
C:\Users\002\Desktop\掉金小游戏v8.6\Project\STM32.uvprojx
Project File Date:  07/17/2019

<h2>Output:</h2>
Build target 'Target 1'
compiling game_ball.c...
..\User\APP\Game\game_ball.h(7): warning:  #1295-D: Deprecated declaration PainoReg - give arg types
  GAME_CLASS * PainoReg();
..\User\APP\Game\game_ball.h(12): warning:  #1-D: last line of file ends without a newline
  #endif // !__GAME_BAL
..\User\APP\GameAPI\randADC.h(7): warning:  #1-D: last line of file ends without a newline
  #endif // !__RAND_ADC
..\User\APP\Game\game_ball.c(55): warning:  #513-D: a value of type "const u32 (*)[8]" cannot be assigned to an entity of type "const u32 **"
      Piano.pLogo = shapeBallLogo;
..\User\APP\Game\game_ball.c(56): warning:  #513-D: a value of type "const u32 (*)[8]" cannot be assigned to an entity of type "const u32 **"
      Piano.pLogoHL = shapeBallLogoHL;
..\User\APP\Game\game_ball.c(128): warning:  #111-D: statement is unreachable
                                        break;
..\User\APP\Game\game_ball.c(131): warning:  #111-D: statement is unreachable
                                        break;
..\User\APP\Game\game_ball.c(134): warning:  #111-D: statement is unreachable
                                        break;
..\User\APP\Game\game_ball.c(137): warning:  #111-D: statement is unreachable
                                        break;
..\User\APP\Game\game_ball.c(140): warning:  #111-D: statement is unreachable
                                        break;
..\User\APP\Game\game_ball.c(143): warning:  #940-D: missing return statement at end of non-void function "key"
  }
..\User\APP\Game\game_ball.c(146): warning:  #186-D: pointless comparison of unsigned integer with zero
        if((0<=breath_color<=255)&&breath_order==0)
..\User\APP\Game\game_ball.c(152): warning:  #186-D: pointless comparison of unsigned integer with zero
        if((0<=breath_color<=255)&&breath_order==1)
..\User\APP\Game\game_ball.c(191): warning:  #111-D: statement is unreachable
                break;
..\User\APP\Game\game_ball.c(194): warning:  #111-D: statement is unreachable
                break;
..\User\APP\Game\game_ball.c(197): warning:  #111-D: statement is unreachable
                break;
..\User\APP\Game\game_ball.c(200): warning:  #111-D: statement is unreachable
                break;
..\User\APP\Game\game_ball.c(203): warning:  #111-D: statement is unreachable
                break;
..\User\APP\Game\game_ball.c(206): warning:  #111-D: statement is unreachable
                break;
..\User\APP\Game\game_ball.c(209): warning:  #111-D: statement is unreachable
                break;
..\User\APP\Game\game_ball.c(212): warning:  #111-D: statement is unreachable
                break;
..\User\APP\Game\game_ball.c(216): warning:  #940-D: missing return statement at end of non-void function "Scanning"
  }
..\User\APP\Game\game_ball.c(186): warning:  #550-D: variable "LED_Scanning" was set but never used
        u32 LED_Scanning = 0;
..\User\APP\Game\game_ball.c(231): warning:  #111-D: statement is unreachable
                break;
..\User\APP\Game\game_ball.c(234): warning:  #111-D: statement is unreachable
                break;
..\User\APP\Game\game_ball.c(237): warning:  #111-D: statement is unreachable
                break;
..\User\APP\Game\game_ball.c(240): warning:  #111-D: statement is unreachable
                break;
..\User\APP\Game\game_ball.c(243): warning:  #111-D: statement is unreachable
                break;
..\User\APP\Game\game_ball.c(246): warning:  #111-D: statement is unreachable
                break;
..\User\APP\Game\game_ball.c(249): warning:  #111-D: statement is unreachable
                break;
..\User\APP\Game\game_ball.c(252): warning:  #111-D: statement is unreachable
                break;
..\User\APP\Game\game_ball.c(257): warning:  #940-D: missing return statement at end of non-void function "change_time_length"
  }
..\User\APP\Game\game_ball.c(225): warning:  #550-D: variable "time_length" was set but never used
        u32 time_length = 0,LED_Scanning = 0;
..\User\APP\Game\game_ball.c(31): warning:  #177-D: variable "P_Now" was declared but never referenced
  static u8             P_Now;                          
..\User\APP\Game\game_ball.c(32): warning:  #177-D: variable "P_Last" was declared but never referenced
  static u8             P_Last;                         
..\User\APP\Game\game_ball.c(35): warning:  #177-D: variable "SAudio_flag" was declared but never referenced
  static u16    SAudio_flag=0x0000;                             
..\User\APP\Game\game_ball.c(36): warning:  #177-D: variable "location_old" was declared but never referenced
  static u8 location_old=0;
..\User\APP\Game\game_ball.c(37): warning:  #177-D: variable "location" was declared but never referenced
  static u8 location;
..\User\APP\Game\game_ball.c(38): warning:  #550-D: variable "piano" was set but never used
  static int piano=0;
..\User\APP\Game\game_ball.c: 39 warnings, 0 errors
linking...
Program Size: Code=77980 RO-data=14564 RW-data=1044 ZI-data=64284  
".\STM32.axf" - 0 Error(s), 39 Warning(s).

<h2>Collection of Component include folders:</h2>
  C:\Users\002\Desktop\掉金小游戏v8.6\Project\RTE
  G:\keil\ARM\PACK\Keil\STM32F1xx_DFP\1.0.5\Device\Include

<h2>Collection of Component Files used:</h2>
</pre>
</body>
</html>
