Component: ARM Compiler 5.05 update 1 (build 106) Tool: armlink [4d0efa]

==============================================================================

Section Cross References

    startup_stm32f10x_hd.o(RESET) refers to startup_stm32f10x_hd.o(STACK) for __initial_sp
    startup_stm32f10x_hd.o(RESET) refers to startup_stm32f10x_hd.o(.text) for Reset_Handler
    startup_stm32f10x_hd.o(RESET) refers to stm32f10x_it.o(i.NMI_Handler) for NMI_Handler
    startup_stm32f10x_hd.o(RESET) refers to stm32f10x_it.o(i.HardFault_Handler) for HardFault_Handler
    startup_stm32f10x_hd.o(RESET) refers to stm32f10x_it.o(i.MemManage_Handler) for MemManage_Handler
    startup_stm32f10x_hd.o(RESET) refers to stm32f10x_it.o(i.BusFault_Handler) for BusFault_Handler
    startup_stm32f10x_hd.o(RESET) refers to stm32f10x_it.o(i.UsageFault_Handler) for UsageFault_Handler
    startup_stm32f10x_hd.o(RESET) refers to stm32f10x_it.o(i.SVC_Handler) for SVC_Handler
    startup_stm32f10x_hd.o(RESET) refers to stm32f10x_it.o(i.DebugMon_Handler) for DebugMon_Handler
    startup_stm32f10x_hd.o(RESET) refers to os_cpu_a.o(CODE) for OS_CPU_PendSVHandler
    startup_stm32f10x_hd.o(RESET) refers to stm32f10x_it.o(i.SysTick_Handler) for SysTick_Handler
    startup_stm32f10x_hd.o(RESET) refers to stm32f10x_it.o(i.EXTI4_IRQHandler) for EXTI4_IRQHandler
    startup_stm32f10x_hd.o(RESET) refers to stm32f10x_it.o(i.DMA1_Channel3_IRQHandler) for DMA1_Channel3_IRQHandler
    startup_stm32f10x_hd.o(RESET) refers to stm32f10x_it.o(i.DMA1_Channel5_IRQHandler) for DMA1_Channel5_IRQHandler
    startup_stm32f10x_hd.o(RESET) refers to stm32f10x_it.o(i.DMA1_Channel7_IRQHandler) for DMA1_Channel7_IRQHandler
    startup_stm32f10x_hd.o(RESET) refers to stm32f10x_it.o(i.USART2_IRQHandler) for USART2_IRQHandler
    startup_stm32f10x_hd.o(RESET) refers to sdio_sdcard.o(i.SDIO_IRQHandler) for SDIO_IRQHandler
    startup_stm32f10x_hd.o(RESET) refers to sdio_sdcard.o(i.DMA2_Channel4_5_IRQHandler) for DMA2_Channel4_5_IRQHandler
    startup_stm32f10x_hd.o(.text) refers to system_stm32f10x.o(i.SystemInit) for SystemInit
    startup_stm32f10x_hd.o(.text) refers to entry.o(.ARM.Collect$$$$00000000) for __main
    system_stm32f10x.o(i.SetSysClock) refers to system_stm32f10x.o(i.SetSysClockTo72) for SetSysClockTo72
    system_stm32f10x.o(i.SystemCoreClockUpdate) refers to system_stm32f10x.o(.data) for SystemCoreClock
    system_stm32f10x.o(i.SystemInit) refers to system_stm32f10x.o(i.SetSysClock) for SetSysClock
    stm32f10x_gpio.o(i.GPIO_AFIODeInit) refers to stm32f10x_rcc.o(i.RCC_APB2PeriphResetCmd) for RCC_APB2PeriphResetCmd
    stm32f10x_gpio.o(i.GPIO_DeInit) refers to stm32f10x_rcc.o(i.RCC_APB2PeriphResetCmd) for RCC_APB2PeriphResetCmd
    stm32f10x_rcc.o(i.RCC_GetClocksFreq) refers to stm32f10x_rcc.o(.data) for APBAHBPrescTable
    stm32f10x_rcc.o(i.RCC_WaitForHSEStartUp) refers to stm32f10x_rcc.o(i.RCC_GetFlagStatus) for RCC_GetFlagStatus
    stm32f10x_tim.o(i.TIM_DeInit) refers to stm32f10x_rcc.o(i.RCC_APB2PeriphResetCmd) for RCC_APB2PeriphResetCmd
    stm32f10x_tim.o(i.TIM_DeInit) refers to stm32f10x_rcc.o(i.RCC_APB1PeriphResetCmd) for RCC_APB1PeriphResetCmd
    stm32f10x_tim.o(i.TIM_ETRClockMode1Config) refers to stm32f10x_tim.o(i.TIM_ETRConfig) for TIM_ETRConfig
    stm32f10x_tim.o(i.TIM_ETRClockMode2Config) refers to stm32f10x_tim.o(i.TIM_ETRConfig) for TIM_ETRConfig
    stm32f10x_tim.o(i.TIM_ICInit) refers to stm32f10x_tim.o(i.TI1_Config) for TI1_Config
    stm32f10x_tim.o(i.TIM_ICInit) refers to stm32f10x_tim.o(i.TIM_SetIC1Prescaler) for TIM_SetIC1Prescaler
    stm32f10x_tim.o(i.TIM_ICInit) refers to stm32f10x_tim.o(i.TI2_Config) for TI2_Config
    stm32f10x_tim.o(i.TIM_ICInit) refers to stm32f10x_tim.o(i.TIM_SetIC2Prescaler) for TIM_SetIC2Prescaler
    stm32f10x_tim.o(i.TIM_ICInit) refers to stm32f10x_tim.o(i.TI3_Config) for TI3_Config
    stm32f10x_tim.o(i.TIM_ICInit) refers to stm32f10x_tim.o(i.TIM_SetIC3Prescaler) for TIM_SetIC3Prescaler
    stm32f10x_tim.o(i.TIM_ICInit) refers to stm32f10x_tim.o(i.TI4_Config) for TI4_Config
    stm32f10x_tim.o(i.TIM_ICInit) refers to stm32f10x_tim.o(i.TIM_SetIC4Prescaler) for TIM_SetIC4Prescaler
    stm32f10x_tim.o(i.TIM_ITRxExternalClockConfig) refers to stm32f10x_tim.o(i.TIM_SelectInputTrigger) for TIM_SelectInputTrigger
    stm32f10x_tim.o(i.TIM_PWMIConfig) refers to stm32f10x_tim.o(i.TI1_Config) for TI1_Config
    stm32f10x_tim.o(i.TIM_PWMIConfig) refers to stm32f10x_tim.o(i.TIM_SetIC1Prescaler) for TIM_SetIC1Prescaler
    stm32f10x_tim.o(i.TIM_PWMIConfig) refers to stm32f10x_tim.o(i.TI2_Config) for TI2_Config
    stm32f10x_tim.o(i.TIM_PWMIConfig) refers to stm32f10x_tim.o(i.TIM_SetIC2Prescaler) for TIM_SetIC2Prescaler
    stm32f10x_tim.o(i.TIM_TIxExternalClockConfig) refers to stm32f10x_tim.o(i.TI2_Config) for TI2_Config
    stm32f10x_tim.o(i.TIM_TIxExternalClockConfig) refers to stm32f10x_tim.o(i.TI1_Config) for TI1_Config
[...]
    shapeThree                               0x08016608   Data         112  shapes.o(.constdata)
    shapeVS                                  0x08016678   Data          16  shapes.o(.constdata)
    shapeFlagGreen                           0x08016688   Data         256  shapes.o(.constdata)
    shapeFlagRed                             0x08016788   Data         256  shapes.o(.constdata)
    __ctype_table                            0x080168d8   Data         129  ctype_o.o(.constdata)
    Region$$Table$$Base                      0x08016960   Number         0  anon$$obj.o(Region$$Table)
    Region$$Table$$Limit                     0x08016980   Number         0  anon$$obj.o(Region$$Table)
    SystemCoreClock                          0x20000000   Data           4  system_stm32f10x.o(.data)
    AHBPrescTable                            0x20000004   Data          16  system_stm32f10x.o(.data)
    Time_Count                               0x20000029   Data           1  app.o(.data)
    piano_time_count                         0x2000002a   Data           1  app.o(.data)
    System_Data                              0x2000002c   Data           4  control.o(.data)
    pgTankWar                                0x20000030   Data           4  control.o(.data)
    res_sd                                   0x2000003c   Data           1  wavplay.o(.data)
    rw                                       0x20000040   Data           4  wavplay.o(.data)
    gprsflag                                 0x20000048   Data           4  gprs.o(.data)
    StopCondition                            0x20000094   Data           4  sdio_sdcard.o(.data)
    TransferError                            0x20000098   Data           1  sdio_sdcard.o(.data)
    TransferEnd                              0x2000009c   Data           4  sdio_sdcard.o(.data)
    DMAEndOfTransfer                         0x200000a0   Data           4  sdio_sdcard.o(.data)
    K_factor                                 0x200000a4   Data           4  adc.o(.data)
    position                                 0x200000a8   Data           1  x9313w.o(.data)
    CPU_TS_TmrFreq_Hz                        0x200000ac   Data           4  cpu_core.o(.data)
    CPU_IntDisMeasCtr                        0x200000b0   Data           2  cpu_core.o(.data)
    CPU_IntDisNestCtr                        0x200000b2   Data           2  cpu_core.o(.data)
    CPU_IntDisMeasStart_cnts                 0x200000b4   Data           4  cpu_core.o(.data)
    CPU_IntDisMeasStop_cnts                  0x200000b8   Data           4  cpu_core.o(.data)
    CPU_IntDisMeasOvrhd_cnts                 0x200000bc   Data           4  cpu_core.o(.data)
    CPU_IntDisMeasMaxCur_cnts                0x200000c0   Data           4  cpu_core.o(.data)
    CPU_IntDisMeasMax_cnts                   0x200000c4   Data           4  cpu_core.o(.data)
    OSPrioTbl                                0x200000c8   Data           8  os_prio.o(.data)
    OSIdleTaskCtr                            0x200000d0   Data           4  os_var.o(.data)
    OSIntNestingCtr                          0x200000d4   Data           1  os_var.o(.data)
    OSIntDisTimeMax                          0x200000d8   Data           4  os_var.o(.data)
    OSRunning                                0x200000dc   Data           1  os_var.o(.data)
    OSFlagDbgListPtr                         0x200000e0   Data           4  os_var.o(.data)
    OSFlagQty                                0x200000e4   Data           2  os_var.o(.data)
    OSMutexDbgListPtr                        0x200000e8   Data           4  os_var.o(.data)
    OSMutexQty                               0x200000ec   Data           2  os_var.o(.data)
    OSPrioCur                                0x200000ee   Data           1  os_var.o(.data)
    OSPrioHighRdy                            0x200000ef   Data           1  os_var.o(.data)
    OSPrioSaved                              0x200000f0   Data           1  os_var.o(.data)
    OSSchedLockNestingCtr                    0x200000f1   Data           1  os_var.o(.data)
    OSSemDbgListPtr                          0x200000f4   Data           4  os_var.o(.data)
    OSSemQty                                 0x200000f8   Data           2  os_var.o(.data)
    OSStatResetFlag                          0x200000fa   Data           1  os_var.o(.data)
    OSStatTaskCPUUsage                       0x200000fc   Data           2  os_var.o(.data)
    OSStatTaskCPUUsageMax                    0x200000fe   Data           2  os_var.o(.data)
    OSStatTaskCtr                            0x20000100   Data           4  os_var.o(.data)
    OSStatTaskCtrMax                         0x20000104   Data           4  os_var.o(.data)
    OSStatTaskCtrRun                         0x20000108   Data           4  os_var.o(.data)
    OSStatTaskRdy                            0x2000010c   Data           1  os_var.o(.data)
    OSStatTaskTimeMax                        0x20000110   Data           4  os_var.o(.data)
    OSTaskCtxSwCtr                           0x20000114   Data           4  os_var.o(.data)
    OSTaskDbgListPtr                         0x20000118   Data           4  os_var.o(.data)
    OSTaskQty                                0x2000011c   Data           2  os_var.o(.data)
    OSTaskRegNextAvailID                     0x2000011e   Data           1  os_var.o(.data)
    OSTickCtr                                0x20000120   Data           4  os_var.o(.data)
    OSTickTaskTimeMax                        0x20000124   Data           4  os_var.o(.data)
    OSTmrDbgListPtr                          0x20000128   Data           4  os_var.o(.data)
    OSTmrQty                                 0x2000012c   Data           2  os_var.o(.data)
    OSTmrTaskTimeMax                         0x20000130   Data           4  os_var.o(.data)
    OSTmrTickCtr                             0x20000134   Data           4  os_var.o(.data)
    OSTmrUpdateCnt                           0x20000138   Data           4  os_var.o(.data)
    OSTmrUpdateCtr                           0x2000013c   Data           4  os_var.o(.data)
    OSTCBCurPtr                              0x20000140   Data           4  os_var.o(.data)
    OSTCBHighRdyPtr                          0x20000144   Data           4  os_var.o(.data)
    OS_CPU_ExceptStkBase                     0x20000148   Data           4  os_cpu_c.o(.data)
    coefficient                              0x20000188   Data           4  game_ball.o(.data)
    j                                        0x200001b5   Data           1  game_ball.o(.data)
    music                                    0x200001b6   Data           8  game_ball.o(.data)
    Director                                 0x200001be   Data           8  game_ball.o(.data)
    temp                                     0x200001c8   Data           4  game_ball.o(.data)
    temp1                                    0x200001cc   Data           4  game_ball.o(.data)
    temp2                                    0x200001d0   Data           4  game_ball.o(.data)
    temp3                                    0x200001d4   Data           4  game_ball.o(.data)
    temp4                                    0x200001d8   Data           4  game_ball.o(.data)
    value                                    0x200001dc   Data           4  game_ball.o(.data)
    temp5                                    0x200001e0   Data           4  game_ball.o(.data)
    time                                     0x200001e8   Data           4  game_ball.o(.data)
    time_out                                 0x200001ec   Data           4  game_ball.o(.data)
    ColleterColor0                           0x200001f0   Data           4  gold.o(.data)
    Colleter1Color0                          0x200001f4   Data           4  gold.o(.data)
    Colleter2Color0                          0x200001f8   Data           4  gold.o(.data)
    ColleterColor1                           0x200001fc   Data           4  gold.o(.data)
    ColleterColor2                           0x20000200   Data           4  gold.o(.data)
    stockColor3                              0x20000204   Data           4  gold.o(.data)
    stockColor4                              0x20000208   Data           4  gold.o(.data)
    ColleterWid                              0x2000020c   Data           4  gold.o(.data)
    BrowColor                                0x20000210   Data           4  gold.o(.data)
    BrowBorderColor                          0x20000214   Data           4  gold.o(.data)
    GoldColor                                0x20000218   Data           4  gold.o(.data)
    mark5                                    0x2000021c   Data           1  gold.o(.data)
    count6                                   0x2000021d   Data           1  gold.o(.data)
    count11                                  0x2000021e   Data           2  gold.o(.data)
    times                                    0x20000220   Data           1  gold.o(.data)
    mark62                                   0x20000221   Data           1  gold.o(.data)
    mark63                                   0x20000222   Data           1  gold.o(.data)
    markP                                    0x20000223   Data           1  gold.o(.data)
    CollecterPlusMark                        0x20000224   Data           1  gold.o(.data)
    BrowLeft                                 0x20000225   Data           1  gold.o(.data)
    BrowRight                                0x20000226   Data           1  gold.o(.data)
    initMark                                 0x20000227   Data           1  gold.o(.data)
    winner                                   0x20000228   Data           1  gold.o(.data)
    CountMark                                0x2000022c   Data           4  gold.o(.data)
    update1                                  0x20000230   Data           1  gold.o(.data)
    mark2                                    0x20000231   Data           1  gold.o(.data)
    count1                                   0x20000234   Data           4  gold.o(.data)
    moneyMark                                0x20000238   Data           4  gold.o(.data)
    winnerMove                               0x2000023c   Data           4  gold.o(.data)
    count2                                   0x20000240   Data           2  gold.o(.data)
    status                                   0x20000244   Data           4  gold.o(.data)
    Lmode                                    0x20000248   Data           4  gold.o(.data)
    Rmode                                    0x2000024c   Data           4  gold.o(.data)
    lastCount                                0x20000250   Data           4  gold.o(.data)
    AudioMark                                0x20000254   Data           1  gold.o(.data)
    AudioMark1                               0x20000255   Data           1  gold.o(.data)
    lightStatus0                             0x20000256   Data           1  gold.o(.data)
    lightStatus1                             0x20000257   Data           1  gold.o(.data)
    last1                                    0x20000258   Data           1  gold.o(.data)
    gold                                     0x20000259   Data           3  gold.o(.data)
    collecter_1                              0x2000025c   Data          12  gold.o(.data)
    collecter_2                              0x20000268   Data          12  gold.o(.data)
    P_Now                                    0x20000390   Data           1  car_run.o(.data)
    P_Last                                   0x20000391   Data           1  car_run.o(.data)
    Piano_color                              0x20000394   Data          28  car_run.o(.data)
    location_old                             0x200003b0   Data           1  car_run.o(.data)
    location                                 0x200003b1   Data           1  car_run.o(.data)
    piano                                    0x200003b4   Data           4  car_run.o(.data)
    breath_color                             0x200003b8   Data           4  car_run.o(.data)
    breath_order                             0x200003bc   Data           1  car_run.o(.data)
    eventCollisionListHead                   0x200003c0   Data           4  gameapi.o(.data)
    eventTimerListHead                       0x200003c4   Data           4  gameapi.o(.data)
    eventCounterListHead                     0x200003c8   Data           4  gameapi.o(.data)
    eventExternalListHead                    0x200003cc   Data           4  gameapi.o(.data)
    gclassList                               0x200003d0   Data           4  gui.o(.data)
    gclassCloneList                          0x200003d4   Data           4  gui.o(.data)
    hookList                                 0x200003d8   Data           4  gui.o(.data)
    customHookList                           0x200003dc   Data           4  gui.o(.data)
    GameNamePlayListIndex                    0x200003e4   Data          16  gplatform.o(.data)
    pEventSelectAngle                        0x200003f4   Data           4  gplatform.o(.data)
    pEventSelectKey                          0x200003f8   Data           4  gplatform.o(.data)
    GameNum                                  0x200003fc   Data           1  gplatform.o(.data)
    GSTM                                     0x200003fd   Data           1  gplatform.o(.data)
    curSelected                              0x200003fe   Data           1  gplatform.o(.data)
    Game2Go                                  0x200003ff   Data           1  gplatform.o(.data)
    endSelectFlag                            0x20000400   Data           1  gplatform.o(.data)
    __microlib_freelist                      0x20000408   Data           4  mvars.o(.data)
    __microlib_freelist_initialised          0x2000040c   Data           4  mvars.o(.data)
    STARTTCB                                 0x20000414   Data         164  app.o(.bss)
    ControlTCB                               0x200004b8   Data         164  app.o(.bss)
    DMPTCB                                   0x2000055c   Data         164  app.o(.bss)
    LED_CtrTCB                               0x20000600   Data         164  app.o(.bss)
    Trigger_CtrTCB                           0x200006a4   Data         164  app.o(.bss)
    Music_Play_CtrTCB                        0x20000748   Data         164  app.o(.bss)
    Serial_port_CtrTCB                       0x200007ec   Data         164  app.o(.bss)
    KEYTCB                                   0x20000890   Data         164  app.o(.bss)
    ADCTCB                                   0x20000934   Data         164  app.o(.bss)
    StartStk                                 0x200009d8   Data         512  app.o(.bss)
    ControlStk                               0x20000bd8   Data        2048  app.o(.bss)
    DMPStk                                   0x200013d8   Data        1024  app.o(.bss)
    LED_CtrStk                               0x200017d8   Data        2048  app.o(.bss)
    Trigger_CtrStk                           0x20001fd8   Data        2048  app.o(.bss)
    Music_Play_CtrStk                        0x200027d8   Data        2048  app.o(.bss)
    Serial_port_CtrStk                       0x20002fd8   Data         512  app.o(.bss)
    KEYStk                                   0x200031d8   Data         512  app.o(.bss)
    ADCStk                                   0x200033d8   Data         512  app.o(.bss)
    TMR_1s                                   0x200035d8   Data          52  app.o(.bss)
    Ctl_Data                                 0x2000360c   Data          92  control.o(.bss)
    DMP_Data                                 0x20003668   Data          20  control.o(.bss)
    fs                                       0x2000367c   Data         612  wavplay.o(.bss)
    file                                     0x200038e0   Data         552  wavplay.o(.bss)
    wav                                      0x20005b08   Data          44  wavplay.o(.bss)
    Wav_Play                                 0x20005b34   Data        5184  wavplay.o(.bss)
    update                                   0x20006f74   Data          12  update.o(.bss)
    Update_Flag                              0x20006f80   Data          40  update.o(.bss)
    LED                                      0x200072fc   Data       12962  drawing.o(.bss)
    RX_Buf                                   0x2000a604   Data         100  gprs.o(.bss)
    SIM900A_mutex                            0x2000a668   Data          44  gprs.o(.bss)
    SIM900A_Flag                             0x2000a694   Data          40  gprs.o(.bss)
    SDCardInfo                               0x2000a6e0   Data          88  sdio_sdcard.o(.bss)
    SDIO_InitStructure                       0x2000a738   Data          24  sdio_sdcard.o(.bss)
    SDIO_CmdInitStructure                    0x2000a750   Data          20  sdio_sdcard.o(.bss)
    SDIO_DataInitStructure                   0x2000a764   Data          24  sdio_sdcard.o(.bss)
    usart2                                   0x2000a77c   Data        1026  usart.o(.bss)
    AD_Value                                 0x2000ab7e   Data          80  adc.o(.bss)
    CPU_Name                                 0x2000abce   Data          16  cpu_core.o(.bss)
    OSCfg_IdleTaskStk                        0x2000abe0   Data         512  os_cfg_app.o(.bss)
    OSCfg_ISRStk                             0x2000ade0   Data         512  os_cfg_app.o(.bss)
    OSCfg_StatTaskStk                        0x2000afe0   Data         512  os_cfg_app.o(.bss)
    OSCfg_TickTaskStk                        0x2000b1e0   Data         512  os_cfg_app.o(.bss)
    OSCfg_TickWheel                          0x2000b3e0   Data         136  os_cfg_app.o(.bss)
    OSCfg_TmrTaskStk                         0x2000b468   Data         512  os_cfg_app.o(.bss)
    OSCfg_TmrWheel                           0x2000b668   Data         136  os_cfg_app.o(.bss)
    OSIdleTaskTCB                            0x2000b6f0   Data         164  os_var.o(.bss)
    OSRdyList                                0x2000b794   Data         768  os_var.o(.bss)
    OSStatTaskTCB                            0x2000ba94   Data         164  os_var.o(.bss)
    OSTickTaskTCB                            0x2000bb38   Data         164  os_var.o(.bss)
    OSTmrTaskTCB                             0x2000bbdc   Data         164  os_var.o(.bss)
    REENTRANT_Mutex                          0x2000bcb8   Data         440  ffsystem.o(.bss)
    Piano                                    0x2000be70   Data          24  game_ball.o(.bss)
    gameGold                                 0x2000be88   Data          24  gold.o(.bss)
    Q                                        0x2000bea0   Data          16  gold.o(.bss)
    gameTankWar                              0x2000beb0   Data          24  tank_war.o(.bss)
    gameCar                                  0x2000bec8   Data          24  car_run.o(.bss)
    QCar                                     0x2000bef0   Data          16  car_run.o(.bss)
    GAMES                                    0x2000bf00   Data          16  gplatform.o(.bss)
    GameLogos                                0x2000bf10   Data          16  gplatform.o(.bss)
    GameLogosHL                              0x2000bf20   Data          16  gplatform.o(.bss)
    __heap_base                              0x2000bf30   Data           0  startup_stm32f10x_hd.o(HEAP)
    __heap_limit                             0x2000df30   Data           0  startup_stm32f10x_hd.o(HEAP)
    __initial_sp                             0x2000ff30   Data           0  startup_stm32f10x_hd.o(STACK)



==============================================================================

Memory Map of the image

  Image Entry point : 0x08000131

  Load Region LR_IROM1 (Base: 0x08000000, Size: 0x00016d94, Max: 0x00080000, ABSOLUTE, COMPRESSED[0x00016aac])

    Execution Region ER_IROM1 (Base: 0x08000000, Size: 0x00016980, Max: 0x00080000, ABSOLUTE)

    Base Addr    Size         Type   Attr      Idx    E Section Name        Object

    0x08000000   0x00000130   Data   RO            3    RESET               startup_stm32f10x_hd.o
    0x08000130   0x00000000   Code   RO         7599  * .ARM.Collect$$$$00000000  mc_w.l(entry.o)
    0x08000130   0x00000004   Code   RO         8003    .ARM.Collect$$$$00000001  mc_w.l(entry2.o)
    0x08000134   0x00000004   Code   RO         8006    .ARM.Collect$$$$00000004  mc_w.l(entry5.o)
    0x08000138   0x00000000   Code   RO         8008    .ARM.Collect$$$$00000008  mc_w.l(entry7b.o)
    0x08000138   0x00000000   Code   RO         8010    .ARM.Collect$$$$0000000A  mc_w.l(entry8b.o)
    0x08000138   0x00000008   Code   RO         8011    .ARM.Collect$$$$0000000B  mc_w.l(entry9a.o)
    0x08000140   0x00000000   Code   RO         8013    .ARM.Collect$$$$0000000D  mc_w.l(entry10a.o)
    0x08000140   0x00000000   Code   RO         8015    .ARM.Collect$$$$0000000F  mc_w.l(entry11a.o)
    0x08000140   0x00000004   Code   RO         8004    .ARM.Collect$$$$00002712  mc_w.l(entry2.o)
    0x08000144   0x00000024   Code   RO            4    .text               startup_stm32f10x_hd.o
    0x08000168   0x00000034   Code   RO         3788    .text               cpu_a.o
    0x0800019c   0x00000062   Code   RO         7602    .text               mc_w.l(uldiv.o)
    0x080001fe   0x00000062   Code   RO         7604    .text               mc_w.l(ldiv.o)
    0x08000260   0x00000024   Code   RO         7608    .text               mc_w.l(rand.o)
    0x08000284   0x00000024   Code   RO         7611    .text               mc_w.l(memcpya.o)
    0x080002a8   0x00000024   Code   RO         7613    .text               mc_w.l(memseta.o)
    0x080002cc   0x0000000e   Code   RO         7617    .text               mc_w.l(strlen.o)
    0x080002da   0x0000001a   Code   RO         7619    .text               mc_w.l(memcmp.o)
    0x080002f4   0x00000032   Code   RO         7623    .text               mc_w.l(strncasecmp.o)
    0x08000326   0x0000001a   Code   RO         7914    .text               mc_w.l(atoi.o)
    0x08000340   0x000000b0   Code   RO         7916    .text               mf_w.l(fadd.o)
    0x080003f0   0x00000064   Code   RO         7918    .text               mf_w.l(fmul.o)
    0x08000454   0x0000007c   Code   RO         7920    .text               mf_w.l(fdiv.o)
    0x080004d0   0x0000014e   Code   RO         7922    .text               mf_w.l(dadd.o)
    0x0800061e   0x000000e4   Code   RO         7924    .text               mf_w.l(dmul.o)
    0x08000702   0x000000de   Code   RO         7926    .text               mf_w.l(ddiv.o)
    0x080007e0   0x00000012   Code   RO         7928    .text               mf_w.l(fflti.o)
    0x080007f2   0x0000000a   Code   RO         7930    .text               mf_w.l(ffltui.o)
    0x080007fc   0x0000001a   Code   RO         7934    .text               mf_w.l(dfltui.o)
    0x08000816   0x00000032   Code   RO         7936    .text               mf_w.l(ffixi.o)
    0x08000848   0x00000028   Code   RO         7938    .text               mf_w.l(ffixui.o)
    0x08000870   0x00000032   Code   RO         7942    .text               mf_w.l(dfixui.o)
    0x080008a2   0x00000026   Code   RO         7944    .text               mf_w.l(f2d.o)
    0x080008c8   0x00000038   Code   RO         7946    .text               mf_w.l(d2f.o)
    0x08000900   0x00000014   Code   RO         7948    .text               mf_w.l(cfcmple.o)
    0x08000914   0x00000014   Code   RO         7950    .text               mf_w.l(cfrcmple.o)
    0x08000928   0x0000001e   Code   RO         8020    .text               mc_w.l(llshl.o)
    0x08000946   0x00000020   Code   RO         8022    .text               mc_w.l(llushr.o)
    0x08000966   0x00000024   Code   RO         8024    .text               mc_w.l(llsshr.o)
    0x0800098a   0x0000000c   Code   RO         8026    .text               mc_w.l(tolower.o)
    0x08000996   0x00000070   Code   RO         8037    .text               mc_w.l(strtol.o)
    0x08000a06   0x00000000   Code   RO         8039    .text               mc_w.l(iusefp.o)
    0x08000a06   0x0000006e   Code   RO         8040    .text               mf_w.l(fepilogue.o)
    0x08000a74   0x000000ba   Code   RO         8042    .text               mf_w.l(depilogue.o)
    0x08000b2e   0x0000002e   Code   RO         8044    .text               mf_w.l(dscalb.o)
    0x08000b5c   0x00000024   Code   RO         8050    .text               mc_w.l(init.o)
    0x08000b80   0x00000008   Code   RO         8052    .text               mc_w.l(ctype_o.o)
    0x08000b88   0x0000009e   Code   RO         8080    .text               mc_w.l(_strtoul.o)
    0x08000c26   0x000000a2   Code   RO         8082    .text               mf_w.l(dsqrt.o)
    0x08000cc8   0x0000001c   Code   RO         8086    .text               mc_w.l(_chval.o)
    0x08000ce4   0x00000056   Code   RO         8096    .text               mc_w.l(__dczerorl2.o)
    0x08000d3a   0x00000002   PAD
    0x08000d3c   0x00000084   Code   RO         5048    CODE                os_cpu_a.o
    0x08000dc0   0x00000016   Code   RO         1867    i.ADC_Cmd           stm32f10x_adc.o
    0x08000dd6   0x00000016   Code   RO         1868    i.ADC_DMACmd        stm32f10x_adc.o
    0x08000dec   0x00000244   Code   RO         3525    i.ADC_Data_Sorting  adc.o
    0x08001030   0x00000014   Code   RO         1875    i.ADC_GetCalibrationStatus  stm32f10x_adc.o
    0x08001044   0x00000014   Code   RO         1881    i.ADC_GetResetCalibrationStatus  stm32f10x_adc.o
    0x08001058   0x00000050   Code   RO         1885    i.ADC_Init          stm32f10x_adc.o
    0x080010a8   0x00000138   Code   RO         3526    i.ADC_Mcode_init    adc.o
    0x080011e0   0x000000b8   Code   RO         1889    i.ADC_RegularChannelConfig  stm32f10x_adc.o
    0x08001298   0x0000000a   Code   RO         1890    i.ADC_ResetCalibration  stm32f10x_adc.o
    0x080012a2   0x00000016   Code   RO         1892    i.ADC_SoftwareStartConvCmd  stm32f10x_adc.o
    0x080012b8   0x0000000a   Code   RO         1894    i.ADC_StartCalibration  stm32f10x_adc.o
    0x080012c2   0x0000001c   Code   RO         2772    i.And_Check         gprs.o
    0x080012de   0x00000014   Code   RO         2255    i.AppTaskADC        app.o
    0x080012f2   0x00000002   PAD
    0x080012f4   0x00000050   Code   RO         2256    i.AppTaskControl    app.o
    0x08001344   0x00000016   Code   RO         2257    i.AppTaskDMP        app.o
    0x0800135a   0x00000014   Code   RO         2258    i.AppTaskKey        app.o
    0x0800136e   0x00000002   PAD
    0x08001370   0x00000034   Code   RO         2259    i.AppTaskLEDCtr     app.o
    0x080013a4   0x00000034   Code   RO         2260    i.AppTaskMusicPlay  app.o
    0x080013d8   0x00000034   Code   RO         2261    i.AppTaskSerial_port  app.o
    0x0800140c   0x00000308   Code   RO         2262    i.AppTaskStart      app.o
    0x08001714   0x00000058   Code   RO         2263    i.AppTaskTrigger    app.o
    0x0800176c   0x0000005c   Code   RO         2974    i.BSP_Init          bsp.o
    0x080017c8   0x00000004   Code   RO         2083    i.BusFault_Handler  stm32f10x_it.o
    0x080017cc   0x00000010   Code   RO         3582    i.CPU_Init          cpu_core.o
    0x080017dc   0x00000084   Code   RO         3583    i.CPU_IntDisMeasInit  cpu_core.o
    0x08001860   0x0000001c   Code   RO         3584    i.CPU_IntDisMeasMaxCalc  cpu_core.o
    0x0800187c   0x0000002c   Code   RO         3585    i.CPU_IntDisMeasMaxCurGet  cpu_core.o
    0x080018a8   0x0000002c   Code   RO         3586    i.CPU_IntDisMeasMaxCurReset  cpu_core.o
    0x080018d4   0x0000002c   Code   RO         3587    i.CPU_IntDisMeasMaxGet  cpu_core.o
    0x08001900   0x00000034   Code   RO         3588    i.CPU_IntDisMeasStart  cpu_core.o
    0x08001934   0x00000054   Code   RO         3589    i.CPU_IntDisMeasStop  cpu_core.o
    0x08001988   0x00000038   Code   RO         3590    i.CPU_NameClr       cpu_core.o
    0x080019c0   0x00000008   Code   RO         3592    i.CPU_NameInit      cpu_core.o
    0x080019c8   0x00000014   Code   RO         3596    i.CPU_TS_Init       cpu_core.o
    0x080019dc   0x0000000c   Code   RO         3598    i.CPU_TS_TmrFreqSet  cpu_core.o
    0x080019e8   0x00000034   Code   RO         2975    i.CPU_TS_TmrInit    bsp.o
    0x08001a1c   0x0000000c   Code   RO         2976    i.CPU_TS_TmrRd      bsp.o
    0x08001a28   0x0000004c   Code   RO         2506    i.Calibration       control.o
    0x08001a74   0x00000134   Code   RO         6790    i.Car_Game          car_run.o
    0x08001ba8   0x00000014   Code   RO         2693    i.Clear_screen      drawing.o
    0x08001bbc   0x0000002c   Code   RO         3092    i.CmdError          sdio_sdcard.o
    0x08001be8   0x00000134   Code   RO         3093    i.CmdResp1Error     sdio_sdcard.o
    0x08001d1c   0x0000004c   Code   RO         3094    i.CmdResp2Error     sdio_sdcard.o
    0x08001d68   0x00000038   Code   RO         3095    i.CmdResp3Error     sdio_sdcard.o
    0x08001da0   0x0000009c   Code   RO         3096    i.CmdResp6Error     sdio_sdcard.o
    0x08001e3c   0x0000004c   Code   RO         3097    i.CmdResp7Error     sdio_sdcard.o
    0x08001e88   0x00000200   Code   RO         2507    i.Control_Init      control.o
    0x08002088   0x0000002c   Code   RO         2084    i.DMA1_Channel3_IRQHandler  stm32f10x_it.o
    0x080020b4   0x00000034   Code   RO         2085    i.DMA1_Channel5_IRQHandler  stm32f10x_it.o
    0x080020e8   0x00000034   Code   RO         2086    i.DMA1_Channel7_IRQHandler  stm32f10x_it.o
    0x0800211c   0x00000008   Code   RO         3098    i.DMA2_Channel4_5_IRQHandler  sdio_sdcard.o
    0x08002124   0x0000001c   Code   RO          147    i.DMA_ClearFlag     stm32f10x_dma.o
    0x08002140   0x00000018   Code   RO          149    i.DMA_Cmd           stm32f10x_dma.o
    0x08002158   0x00000064   Code   RO         3329    i.DMA_I2S_Init      iis.o
    0x080021bc   0x00000034   Code   RO         3330    i.DMA_I2S_Send_Data  iis.o
    0x080021f0   0x00000012   Code   RO          154    i.DMA_ITConfig      stm32f10x_dma.o
    0x08002202   0x0000003c   Code   RO          155    i.DMA_Init          stm32f10x_dma.o
    0x0800223e   0x00000002   PAD
    0x08002240   0x00000058   Code   RO         5689    i.DMP_Init          mpu6050.o
    0x08002298   0x00000174   Code   RO         2774    i.Data_processing   gprs.o
    0x0800240c   0x00000070   Code   RO         2655    i.Data_verification  update.o
    0x0800247c   0x00000044   Code   RO         6437    i.DeQueue           gold.o
    0x080024c0   0x0000003c   Code   RO         6791    i.DeQueue           car_run.o
    0x080024fc   0x00000002   Code   RO         2087    i.DebugMon_Handler  stm32f10x_it.o
    0x080024fe   0x00000002   PAD
    0x08002500   0x000000b0   Code   RO         2948    i.Debug_SendMsg     debug.o
    0x080025b0   0x00000014   Code   RO         3374    i.Delay             pcm1770.o
    0x080025c4   0x00000078   Code   RO         2775    i.Detection_frame   gprs.o
    0x0800263c   0x00000018   Code   RO         2575    i.Detection_idle    wavplay.o
    0x08002654   0x00000070   Code   RO         2695    i.DispStrCH         drawing.o
    0x080026c4   0x00000030   Code   RO         2697    i.Draw_LineX        drawing.o
    0x080026f4   0x00000030   Code   RO         2698    i.Draw_LineY        drawing.o
    0x08002724   0x00000150   Code   RO         2699    i.Draw_Point        drawing.o
    0x08002874   0x00000214   Code   RO         2700    i.Draw_Point_b      drawing.o
    0x08002a88   0x00000028   Code   RO         2088    i.EXTI4_IRQHandler  stm32f10x_it.o
    0x08002ab0   0x00000048   Code   RO         3018    i.EXTI_Config       exti.o
    0x08002af8   0x00000094   Code   RO          225    i.EXTI_Init         stm32f10x_exti.o
    0x08002b8c   0x00000038   Code   RO         6438    i.EnQueue           gold.o
    0x08002bc4   0x00000034   Code   RO         6792    i.EnQueue           car_run.o
    0x08002bf8   0x00000018   Code   RO         3477    i.FLASH_ReadHalfWord  flash.o
    0x08002c10   0x000000b4   Code   RO         2576    i.FatReadDir        wavplay.o
    0x08002cc4   0x00000154   Code   RO         3099    i.FindSCR           sdio_sdcard.o
    0x08002e18   0x00000040   Code   RO          276    i.GPIO_EXTILineConfig  stm32f10x_gpio.o
    0x08002e58   0x00000116   Code   RO          279    i.GPIO_Init         stm32f10x_gpio.o
    0x08002f6e   0x00000012   Code   RO          283    i.GPIO_ReadInputDataBit  stm32f10x_gpio.o
    0x08002f80   0x000000b8   Code   RO         6638    i.Game              tank_war.o
    0x08003038   0x00000006   Code   RO         6439    i.GetLength         gold.o
    0x0800303e   0x00000006   Code   RO         6793    i.GetLength         car_run.o
    0x08003044   0x00000004   Code   RO         2089    i.HardFault_Handler  stm32f10x_it.o
    0x08003048   0x00000010   Code   RO         3331    i.I2S_Bus_Init      iis.o
    0x08003058   0x00000018   Code   RO         1501    i.I2S_Cmd           stm32f10x_spi.o
    0x08003070   0x00000044   Code   RO         3332    i.I2S_Freq_Config   iis.o
    0x080030b4   0x00000048   Code   RO         3333    i.I2S_GPIO_Config   iis.o
    0x080030fc   0x000000e8   Code   RO         1502    i.I2S_Init          stm32f10x_spi.o
    0x080031e4   0x00000040   Code   RO         3334    i.I2S_Mode_Config   iis.o
    0x08003224   0x00000028   Code   RO         3335    i.I2S_Stop          iis.o
    0x0800324c   0x0000004c   Code   RO         5593    i.IIC_Ack           ioi2c.o
    0x08003298   0x0000002c   Code   RO         5594    i.IIC_Init          ioi2c.o
    0x080032c4   0x0000004c   Code   RO         5595    i.IIC_NAck          ioi2c.o
    0x08003310   0x00000068   Code   RO         5596    i.IIC_Read_Byte     ioi2c.o
    0x08003378   0x00000058   Code   RO         5597    i.IIC_Send_Byte     ioi2c.o
    0x080033d0   0x00000064   Code   RO         5598    i.IIC_Start         ioi2c.o
    0x08003434   0x00000048   Code   RO         5599    i.IIC_Stop          ioi2c.o
    0x0800347c   0x00000060   Code   RO         5600    i.IIC_Wait_Ack      ioi2c.o
    0x080034dc   0x0000006a   Code   RO         5602    i.IICreadBytes      ioi2c.o
    0x08003546   0x00000014   Code   RO         5605    i.IICwriteByte      ioi2c.o
    0x0800355a   0x0000004a   Code   RO         5606    i.IICwriteBytes     ioi2c.o
    0x080035a4   0x000000c4   Code   RO         3056    i.IO_Init           in_output.o
    0x08003668   0x00000016   Code   RO         6440    i.Init_queue        gold.o
    0x0800367e   0x00000018   Code   RO         6794    i.Init_queue        car_run.o
    0x08003696   0x00000012   Code   RO         6441    i.Isempty           gold.o
    0x080036a8   0x00000012   Code   RO         6795    i.Isempty           car_run.o
    0x080036ba   0x0000001e   Code   RO         6442    i.Isfull            gold.o
    0x080036d8   0x0000001e   Code   RO         6796    i.Isfull            car_run.o
    0x080036f6   0x00000002   PAD
    0x080036f8   0x00000134   Code   RO         6640    i.KeyGameCallBack   tank_war.o
    0x0800382c   0x00000018   Code   RO         6641    i.KeyMonitor        tank_war.o
    0x08003844   0x000000a8   Code   RO         7347    i.KeySelectCallBack  gplatform.o
    0x080038ec   0x00000018   Code   RO         7348    i.KeySelectMonitor  gplatform.o
    0x08003904   0x000001b8   Code   RO         2508    i.Key_Test          control.o
    0x08003abc   0x00000140   Code   RO         7146    i.Led_lane          gui.o
    0x08003bfc   0x00000158   Code   RO         6642    i.LevelUp           tank_war.o
    0x08003d54   0x00000036   Code   RO         5692    i.MPU6050_initialize  mpu6050.o
    0x08003d8a   0x00000004   Code   RO         2090    i.MemManage_Handler  stm32f10x_it.o
    0x08003d8e   0x00000012   Code   RO         3932    i.Mem_Clr           lib_mem.o
    0x08003da0   0x00000062   Code   RO         3949    i.Mem_Set           lib_mem.o
    0x08003e02   0x00000002   Code   RO         2091    i.NMI_Handler       stm32f10x_it.o
    0x08003e04   0x000000c8   Code   RO         3030    i.NVIC_Config       nvic.o
    0x08003ecc   0x00000044   Code   RO         3100    i.NVIC_Configuration  sdio_sdcard.o
    0x08003f10   0x00000070   Code   RO          107    i.NVIC_Init         misc.o
    0x08003f80   0x00000014   Code   RO          108    i.NVIC_PriorityGroupConfig  misc.o
    0x08003f94   0x00000018   Code   RO         2779    i.NetCheck_Ok       gprs.o
    0x08003fac   0x00000002   Code   RO         4206    i.OSCfg_Init        os_cfg_app.o
    0x08003fae   0x00000002   PAD
    0x08003fb0   0x00000068   Code   RO         4451    i.OSFlagCreate      os_flag.o
    0x08004018   0x000002ec   Code   RO         4452    i.OSFlagPend        os_flag.o
    0x08004304   0x0000003c   Code   RO         4453    i.OSFlagPendGetFlagsRdy  os_flag.o
    0x08004340   0x00000028   Code   RO         4454    i.OSFlagPost        os_flag.o
    0x08004368   0x00000002   Code   RO         5051    i.OSIdleTaskHook    os_cpu_c.o
    0x0800436a   0x00000002   PAD
    0x0800436c   0x000000f0   Code   RO         4226    i.OSInit            os_core.o
    0x0800445c   0x00000038   Code   RO         5052    i.OSInitHook        os_cpu_c.o
    0x08004494   0x0000002c   Code   RO         4227    i.OSIntEnter        os_core.o
    0x080044c0   0x000000e0   Code   RO         4228    i.OSIntExit         os_core.o
    0x080045a0   0x00000070   Code   RO         4541    i.OSMutexCreate     os_mutex.o
    0x08004610   0x00000188   Code   RO         4542    i.OSMutexDel        os_mutex.o
    0x08004798   0x00000224   Code   RO         4543    i.OSMutexPend       os_mutex.o
    0x080049bc   0x00000138   Code   RO         4545    i.OSMutexPost       os_mutex.o
    0x08004af4   0x000000a4   Code   RO         4229    i.OSSched           os_core.o
    0x08004b98   0x00000064   Code   RO         4230    i.OSSchedLock       os_core.o
    0x08004bfc   0x00000088   Code   RO         4231    i.OSSchedUnlock     os_core.o
    0x08004c84   0x00000068   Code   RO         4232    i.OSStart           os_core.o
    0x08004cec   0x000000d4   Code   RO         4722    i.OSStatReset       os_stat.o
    0x08004dc0   0x00000100   Code   RO         4723    i.OSStatTaskCPUUsageInit  os_stat.o
    0x08004ec0   0x00000002   Code   RO         5053    i.OSStatTaskHook    os_cpu_c.o
    0x08004ec2   0x00000002   PAD
    0x08004ec4   0x0000013c   Code   RO         4752    i.OSTaskCreate      os_task.o
    0x08005000   0x00000002   Code   RO         5054    i.OSTaskCreateHook  os_cpu_c.o
    0x08005002   0x00000002   PAD
    0x08005004   0x00000120   Code   RO         4753    i.OSTaskDel         os_task.o
    0x08005124   0x00000002   Code   RO         5055    i.OSTaskDelHook     os_cpu_c.o
    0x08005126   0x00000036   Code   RO         4757    i.OSTaskResume      os_task.o
    0x0800515c   0x00000002   Code   RO         5056    i.OSTaskReturnHook  os_cpu_c.o
    0x0800515e   0x00000002   PAD
    0x08005160   0x000001c8   Code   RO         4758    i.OSTaskSemPend     os_task.o
    0x08005328   0x00000024   Code   RO         4759    i.OSTaskSemPost     os_task.o
    0x0800534c   0x000000bc   Code   RO         4761    i.OSTaskStkChk      os_task.o
    0x08005408   0x000000c0   Code   RO         5057    i.OSTaskStkInit     os_cpu_c.o
    0x080054c8   0x00000024   Code   RO         4762    i.OSTaskSuspend     os_task.o
    0x080054ec   0x00000060   Code   RO         5058    i.OSTaskSwHook      os_cpu_c.o
    0x0800554c   0x000000bc   Code   RO         4920    i.OSTimeDly         os_time.o
    0x08005608   0x00000044   Code   RO         4923    i.OSTimeTick        os_time.o
    0x0800564c   0x00000002   Code   RO         5059    i.OSTimeTickHook    os_cpu_c.o
    0x0800564e   0x00000002   PAD
    0x08005650   0x00000084   Code   RO         4950    i.OSTmrCreate       os_tmr.o
    0x080056d4   0x0000007a   Code   RO         4952    i.OSTmrStart        os_tmr.o
    0x0800574e   0x00000002   PAD
    0x08005750   0x0000017c   Code   RO         4436    i.OS_Dbg_Init       os_dbg.o
    0x080058cc   0x0000003c   Code   RO         4455    i.OS_FlagBlock      os_flag.o
    0x08005908   0x00000030   Code   RO         4457    i.OS_FlagDbgListAdd  os_flag.o
    0x08005938   0x00000018   Code   RO         4459    i.OS_FlagInit       os_flag.o
    0x08005950   0x00000174   Code   RO         4460    i.OS_FlagPost       os_flag.o
    0x08005ac4   0x00000056   Code   RO         4461    i.OS_FlagTaskRdy    os_flag.o
    0x08005b1a   0x00000002   PAD
    0x08005b1c   0x0000004c   Code   RO         4234    i.OS_IdleTask       os_core.o
    0x08005b68   0x00000070   Code   RO         4235    i.OS_IdleTaskInit   os_core.o
    0x08005bd8   0x00000034   Code   RO         4546    i.OS_MutexClr       os_mutex.o
    0x08005c0c   0x00000030   Code   RO         4547    i.OS_MutexDbgListAdd  os_mutex.o
    0x08005c3c   0x00000030   Code   RO         4548    i.OS_MutexDbgListRemove  os_mutex.o
    0x08005c6c   0x00000018   Code   RO         4549    i.OS_MutexInit      os_mutex.o
    0x08005c84   0x00000068   Code   RO         4236    i.OS_Pend           os_core.o
    0x08005cec   0x00000026   Code   RO         4239    i.OS_PendDataInit   os_core.o
    0x08005d12   0x00000002   PAD
    0x08005d14   0x0000005c   Code   RO         4240    i.OS_PendDbgNameAdd  os_core.o
    0x08005d70   0x00000024   Code   RO         4241    i.OS_PendDbgNameRemove  os_core.o
    0x08005d94   0x00000046   Code   RO         4242    i.OS_PendListChangePrio  os_core.o
    0x08005dda   0x0000000a   Code   RO         4243    i.OS_PendListInit   os_core.o
    0x08005de4   0x00000066   Code   RO         4245    i.OS_PendListInsertPrio  os_core.o
    0x08005e4a   0x00000030   Code   RO         4246    i.OS_PendListRemove  os_core.o
    0x08005e7a   0x00000042   Code   RO         4247    i.OS_PendListRemove1  os_core.o
    0x08005ebc   0x00000092   Code   RO         4248    i.OS_PendObjDel     os_core.o
    0x08005f4e   0x00000024   Code   RO         4249    i.OS_PendObjDel1    os_core.o
    0x08005f72   0x000000b4   Code   RO         4250    i.OS_Post           os_core.o
    0x08006026   0x0000002a   Code   RO         4251    i.OS_Post1          os_core.o
    0x08006050   0x00000028   Code   RO         4607    i.OS_PrioGetHighest  os_prio.o
    0x08006078   0x00000018   Code   RO         4608    i.OS_PrioInit       os_prio.o
    0x08006090   0x00000024   Code   RO         4609    i.OS_PrioInsert     os_prio.o
    0x080060b4   0x00000024   Code   RO         4610    i.OS_PrioRemove     os_prio.o
    0x080060d8   0x00000024   Code   RO         4252    i.OS_RdyListInit    os_core.o
    0x080060fc   0x0000002c   Code   RO         4253    i.OS_RdyListInsert  os_core.o
    0x08006128   0x00000040   Code   RO         4254    i.OS_RdyListInsertHead  os_core.o
    0x08006168   0x0000003c   Code   RO         4255    i.OS_RdyListInsertTail  os_core.o
    0x080061a4   0x0000005c   Code   RO         4257    i.OS_RdyListRemove  os_core.o
    0x08006200   0x00000018   Code   RO         4659    i.OS_SemInit        os_sem.o
    0x08006218   0x00000324   Code   RO         4724    i.OS_StatTask       os_stat.o
    0x0800653c   0x000000cc   Code   RO         4725    i.OS_StatTaskInit   os_stat.o
    0x08006608   0x00000038   Code   RO         4258    i.OS_TaskBlock      os_core.o
    0x08006640   0x00000030   Code   RO         4763    i.OS_TaskDbgListAdd  os_task.o
    0x08006670   0x00000044   Code   RO         4764    i.OS_TaskDbgListRemove  os_task.o
    0x080066b4   0x00000020   Code   RO         4765    i.OS_TaskInit       os_task.o
    0x080066d4   0x000000a0   Code   RO         4766    i.OS_TaskInitTCB    os_task.o
    0x08006774   0x0000001c   Code   RO         4259    i.OS_TaskRdy        os_core.o
    0x08006790   0x0000011c   Code   RO         4767    i.OS_TaskResume     os_task.o
    0x080068ac   0x00000018   Code   RO         4768    i.OS_TaskReturn     os_task.o
    0x080068c4   0x000001f0   Code   RO         4769    i.OS_TaskSemPost    os_task.o
    0x08006ab4   0x00000138   Code   RO         4770    i.OS_TaskSuspend    os_task.o
    0x08006bec   0x00000028   Code   RO         4872    i.OS_TickListInit   os_tick.o
    0x08006c14   0x000001bc   Code   RO         4873    i.OS_TickListInsert  os_tick.o
    0x08006dd0   0x00000038   Code   RO         4874    i.OS_TickListRemove  os_tick.o
    0x08006e08   0x00000024   Code   RO         4875    i.OS_TickListResetPeak  os_tick.o
    0x08006e2c   0x00000180   Code   RO         4876    i.OS_TickListUpdate  os_tick.o
    0x08006fac   0x0000002c   Code   RO         4877    i.OS_TickTask       os_tick.o
    0x08006fd8   0x000000b8   Code   RO         4878    i.OS_TickTaskInit   os_tick.o
    0x08007090   0x00000028   Code   RO         4956    i.OS_TmrDbgListAdd  os_tmr.o
    0x080070b8   0x00000128   Code   RO         4958    i.OS_TmrInit        os_tmr.o
    0x080071e0   0x000000d0   Code   RO         4959    i.OS_TmrLink        os_tmr.o
    0x080072b0   0x00000024   Code   RO         4960    i.OS_TmrResetPeak   os_tmr.o
    0x080072d4   0x000000c0   Code   RO         4961    i.OS_TmrTask        os_tmr.o
    0x08007394   0x00000050   Code   RO         4962    i.OS_TmrUnlink      os_tmr.o
    0x080073e4   0x00000084   Code   RO         3375    i.PCM1770_Init      pcm1770.o
    0x08007468   0x00000068   Code   RO         6307    i.PainoReg          game_ball.o
    0x080074d0   0x0000024c   Code   RO         6308    i.Piano_Game        game_ball.o
    0x0800771c   0x00000248   Code   RO         6443    i.Piano_Game        gold.o
    0x08007964   0x000000e4   Code   RO         6309    i.Piano_Init        game_ball.o
    0x08007a48   0x00000078   Code   RO         2577    i.Play_List         wavplay.o
    0x08007ac0   0x00000018   Code   RO          387    i.RCC_ADCCLKConfig  stm32f10x_rcc.o
    0x08007ad8   0x00000020   Code   RO          388    i.RCC_AHBPeriphClockCmd  stm32f10x_rcc.o
    0x08007af8   0x00000020   Code   RO          389    i.RCC_APB1PeriphClockCmd  stm32f10x_rcc.o
    0x08007b18   0x00000020   Code   RO          390    i.RCC_APB1PeriphResetCmd  stm32f10x_rcc.o
    0x08007b38   0x00000020   Code   RO          391    i.RCC_APB2PeriphClockCmd  stm32f10x_rcc.o
    0x08007b58   0x00000020   Code   RO          392    i.RCC_APB2PeriphResetCmd  stm32f10x_rcc.o
    0x08007b78   0x000000d4   Code   RO          399    i.RCC_GetClocksFreq  stm32f10x_rcc.o
    0x08007c4c   0x00000100   Code   RO         5694    i.Read_DMP          mpu6050.o
    0x08007d4c   0x00000038   Code   RO         3057    i.Read_SW           in_output.o
    0x08007d84   0x00000050   Code   RO         2780    i.Reply_message     gprs.o
    0x08007dd4   0x000000c4   Code   RO         3101    i.SDEnWideBus       sdio_sdcard.o
    0x08007e98   0x0000000c   Code   RO         1316    i.SDIO_ClearFlag    stm32f10x_sdio.o
    0x08007ea4   0x0000000c   Code   RO         1317    i.SDIO_ClearITPendingBit  stm32f10x_sdio.o
    0x08007eb0   0x0000000c   Code   RO         1318    i.SDIO_ClockCmd     stm32f10x_sdio.o
    0x08007ebc   0x00000028   Code   RO         3102    i.SDIO_Cmd_Config   sdio_sdcard.o
    0x08007ee4   0x0000000c   Code   RO         1321    i.SDIO_DMACmd       stm32f10x_sdio.o
    0x08007ef0   0x00000030   Code   RO         1322    i.SDIO_DataConfig   stm32f10x_sdio.o
    0x08007f20   0x00000024   Code   RO         1324    i.SDIO_DeInit       stm32f10x_sdio.o
    0x08007f44   0x0000000c   Code   RO         1325    i.SDIO_GetCommandResponse  stm32f10x_sdio.o
    0x08007f50   0x00000018   Code   RO         1328    i.SDIO_GetFlagStatus  stm32f10x_sdio.o
    0x08007f68   0x00000010   Code   RO         1330    i.SDIO_GetPowerState  stm32f10x_sdio.o
    0x08007f78   0x00000018   Code   RO         1331    i.SDIO_GetResponse  stm32f10x_sdio.o
    0x08007f90   0x00000008   Code   RO         3103    i.SDIO_IRQHandler   sdio_sdcard.o
    0x08007f98   0x00000020   Code   RO         1332    i.SDIO_ITConfig     stm32f10x_sdio.o
    0x08007fb8   0x00000030   Code   RO         1333    i.SDIO_Init         stm32f10x_sdio.o
    0x08007fe8   0x0000000c   Code   RO         1334    i.SDIO_ReadData     stm32f10x_sdio.o
    0x08007ff4   0x0000002c   Code   RO         1336    i.SDIO_SendCommand  stm32f10x_sdio.o
    0x08008020   0x0000001c   Code   RO         1338    i.SDIO_SetPowerState  stm32f10x_sdio.o
    0x0800803c   0x0000006c   Code   RO         3105    i.SD_DMA_RxConfig   sdio_sdcard.o
    0x080080a8   0x0000006c   Code   RO         3106    i.SD_DMA_TxConfig   sdio_sdcard.o
    0x08008114   0x0000000c   Code   RO         3108    i.SD_Detect         sdio_sdcard.o
    0x08008120   0x00000094   Code   RO         3109    i.SD_EnableWideBusOperation  sdio_sdcard.o
    0x080081b4   0x00000050   Code   RO         3110    i.SD_GPIO_Init      sdio_sdcard.o
    0x08008204   0x0000031c   Code   RO         3111    i.SD_GetCardInfo    sdio_sdcard.o
    0x08008520   0x00000026   Code   RO         3112    i.SD_GetState       sdio_sdcard.o
    0x08008546   0x0000001e   Code   RO         3113    i.SD_GetStatus      sdio_sdcard.o
    0x08008564   0x0000008c   Code   RO         3116    i.SD_Init           sdio_sdcard.o
    0x080085f0   0x000000fc   Code   RO         3117    i.SD_InitializeCards  sdio_sdcard.o
    0x080086ec   0x00000110   Code   RO         3119    i.SD_PowerON        sdio_sdcard.o
    0x080087fc   0x0000002c   Code   RO         3120    i.SD_ProcessDMAIRQ  sdio_sdcard.o
    0x08008828   0x00000058   Code   RO         3121    i.SD_ProcessIRQSrc  sdio_sdcard.o
    0x08008880   0x000000c4   Code   RO         3122    i.SD_ReadBlock      sdio_sdcard.o
    0x08008944   0x000000cc   Code   RO         3123    i.SD_ReadMultiBlocks  sdio_sdcard.o
    0x08008a10   0x0000001e   Code   RO         3124    i.SD_SelectDeselect  sdio_sdcard.o
    0x08008a2e   0x00000002   PAD
    0x08008a30   0x0000003c   Code   RO         3125    i.SD_SendStatus     sdio_sdcard.o
    0x08008a6c   0x0000001a   Code   RO         3126    i.SD_StopTransfer   sdio_sdcard.o
    0x08008a86   0x00000002   PAD
    0x08008a88   0x0000006c   Code   RO         3127    i.SD_WaitReadOperation  sdio_sdcard.o
    0x08008af4   0x00000084   Code   RO         3128    i.SD_WaitWriteOperation  sdio_sdcard.o
    0x08008b78   0x000000c0   Code   RO         3129    i.SD_WriteBlock     sdio_sdcard.o
    0x08008c38   0x00000104   Code   RO         3130    i.SD_WriteMultiBlocks  sdio_sdcard.o
    0x08008d3c   0x00000094   Code   RO         2781    i.SIM900A_Init      gprs.o
    0x08008dd0   0x00000030   Code   RO         2782    i.SIM900A_Reset     gprs.o
    0x08008e00   0x00000018   Code   RO         1506    i.SPI_Cmd           stm32f10x_spi.o
    0x08008e18   0x00000012   Code   RO         1512    i.SPI_I2S_DMACmd    stm32f10x_spi.o
    0x08008e2a   0x0000003c   Code   RO         1519    i.SPI_Init          stm32f10x_spi.o
    0x08008e66   0x00000002   PAD
    0x08008e68   0x00000114   Code   RO         3507    i.SPI_Mode_Init     spi.o
    0x08008f7c   0x00000040   Code   RO         3508    i.SPI_Send_Data     spi.o
    0x08008fbc   0x00000002   Code   RO         2092    i.SVC_Handler       stm32f10x_it.o
    0x08008fbe   0x0000005c   Code   RO         6310    i.Scanning          game_ball.o
    0x0800901a   0x00000002   PAD
    0x0800901c   0x00000030   Code   RO         2786    i.Send_Data         gprs.o
    0x0800904c   0x00000028   Code   RO         3403    i.SetDMA_MemoryBaseAddr  usart.o
    0x08009074   0x00000008   Code   RO           24    i.SetSysClock       system_stm32f10x.o
    0x0800907c   0x000000e0   Code   RO           25    i.SetSysClockTo72   system_stm32f10x.o
    0x0800915c   0x00000030   Code   RO         3031    i.SoftReset         nvic.o
    0x0800918c   0x000000e4   Code   RO         2578    i.Start_Play        wavplay.o
    0x08009270   0x0000006c   Code   RO         2787    i.Start_registration  gprs.o
    0x080092dc   0x0000001c   Code   RO         2093    i.SysTick_Handler   stm32f10x_it.o
    0x080092f8   0x00000060   Code   RO           27    i.SystemInit        system_stm32f10x.o
    0x08009358   0x00000108   Code   RO         2512    i.System_Control    control.o
    0x08009460   0x00000070   Code   RO         3002    i.Systick_Init      systick.o
    0x080094d0   0x00000002   Code   RO         3080    i.TIM_Init          tim.o
    0x080094d2   0x00000002   PAD
    0x080094d4   0x000001dc   Code   RO         2264    i.TMR_1sCallback    app.o
    0x080096b0   0x00000064   Code   RO         3404    i.UART2_Send_Data   usart.o
    0x08009714   0x0000004c   Code   RO         2094    i.USART2_IRQHandler  stm32f10x_it.o
    0x08009760   0x000000b0   Code   RO         3407    i.USART3_Init       usart.o
    0x08009810   0x00000030   Code   RO         3408    i.USART3_Send       usart.o
    0x08009840   0x00000018   Code   RO         1139    i.USART_Cmd         stm32f10x_usart.o
    0x08009858   0x0000015c   Code   RO         3409    i.USART_Config      usart.o
    0x080099b4   0x00000012   Code   RO         1140    i.USART_DMACmd      stm32f10x_usart.o
    0x080099c6   0x00000002   PAD
    0x080099c8   0x0000009c   Code   RO         1141    i.USART_DeInit      stm32f10x_usart.o
    0x08009a64   0x0000001a   Code   RO         1142    i.USART_GetFlagStatus  stm32f10x_usart.o
    0x08009a7e   0x0000004a   Code   RO         1145    i.USART_ITConfig    stm32f10x_usart.o
    0x08009ac8   0x000000d8   Code   RO         1146    i.USART_Init        stm32f10x_usart.o
    0x08009ba0   0x00000008   Code   RO         1156    i.USART_SendData    stm32f10x_usart.o
    0x08009ba8   0x00000024   Code   RO         2701    i.Update_Layer      drawing.o
    0x08009bcc   0x00000004   Code   RO         2095    i.UsageFault_Handler  stm32f10x_it.o
    0x08009bd0   0x0000016c   Code   RO         2581    i.WAV_Play          wavplay.o
    0x08009d3c   0x0000002c   Code   RO         2582    i.WaitPlay_End      wavplay.o
    0x08009d68   0x00000034   Code   RO         3547    i.X9313W_Init       x9313w.o
    0x08009d9c   0x00000098   Code   RO         3548    i.X9313W_Reset      x9313w.o
    0x08009e34   0x000000f4   Code   RO         3549    i.X9313W_Set        x9313w.o
    0x08009f28   0x00000028   Code   RO         7760    i.__0sprintf$5      mc_w.l(printf5.o)
    0x08009f50   0x00000028   Code   RO         7979    i.__ARM_fpclassify  m_ws.l(fpclassify.o)
    0x08009f78   0x00000008   Code   RO         8030    i.__aeabi_errno_addr  mc_w.l(errno.o)
    0x08009f80   0x000000aa   Code   RO         7981    i.__kernel_poly     m_ws.l(poly.o)
    0x0800a02a   0x00000006   Code   RO         7966    i.__mathlib_dbl_infnan  m_ws.l(dunder.o)
    0x0800a030   0x0000000c   Code   RO         7968    i.__mathlib_dbl_invalid  m_ws.l(dunder.o)
    0x0800a03c   0x00000010   Code   RO         7971    i.__mathlib_dbl_underflow  m_ws.l(dunder.o)
    0x0800a04c   0x0000000e   Code   RO         8090    i.__scatterload_copy  mc_w.l(handlers.o)
    0x0800a05a   0x00000002   Code   RO         8091    i.__scatterload_null  mc_w.l(handlers.o)
    0x0800a05c   0x0000000e   Code   RO         8092    i.__scatterload_zeroinit  mc_w.l(handlers.o)
    0x0800a06a   0x00000002   PAD
    0x0800a06c   0x0000000c   Code   RO         8032    i.__set_errno       mc_w.l(errno.o)
    0x0800a078   0x000002c0   Code   RO         7765    i._printf_core      mc_w.l(printf5.o)
    0x0800a338   0x0000000a   Code   RO         7767    i._sputc            mc_w.l(printf5.o)
    0x0800a342   0x00000002   PAD
    0x0800a344   0x000000ac   Code   RO         5117    i.accel_self_test   inv_mpu.o
    0x0800a3f0   0x00000050   Code   RO         7147    i.addShape          gui.o
    0x0800a440   0x00000164   Code   RO         6644    i.angleCallBack     tank_war.o
    0x0800a5a4   0x0000005c   Code   RO         6645    i.angleMonitor      tank_war.o
    0x0800a600   0x000000b4   Code   RO         7349    i.angleSelectCallBack  gplatform.o
    0x0800a6b4   0x00000006   Code   RO         7350    i.angleSelectMonitor  gplatform.o
    0x0800a6ba   0x00000002   PAD
    0x0800a6bc   0x00000048   Code   RO         6973    i.appendECLL        gameapi.o
    0x0800a704   0x0000004c   Code   RO         6974    i.appendECTL        gameapi.o
    0x0800a750   0x00000044   Code   RO         6975    i.appendEEXL        gameapi.o
    0x0800a794   0x00000054   Code   RO         6976    i.appendETML        gameapi.o
    0x0800a7e8   0x00000270   Code   RO         7566    i.asin              m_ws.l(asin.o)
    0x0800aa58   0x00000024   Code   RO         6798    i.bigan             car_run.o
    0x0800aa7c   0x00000016   Code   RO         6646    i.blueTankBulletMonitor  tank_war.o
    0x0800aa92   0x00000002   PAD
    0x0800aa94   0x000000cc   Code   RO         6312    i.change_time_length  game_ball.o
    0x0800ab60   0x0000009c   Code   RO         7150    i.checkList         gui.o
    0x0800abfc   0x0000007c   Code   RO         5832    i.check_fs          ff.o
    0x0800ac78   0x00000014   Code   RO         5833    i.chk_chr           ff.o
    0x0800ac8c   0x000000ac   Code   RO         7151    i.clearGclass       gui.o
    0x0800ad38   0x00000024   Code   RO         6444    i.clearQueue        gold.o
    0x0800ad5c   0x0000001c   Code   RO         6800    i.clearQueue        car_run.o
    0x0800ad78   0x0000008c   Code   RO         7152    i.cloneGclass       gui.o
    0x0800ae04   0x0000001a   Code   RO         5834    i.clst2sect         ff.o
    0x0800ae1e   0x00000002   PAD
    0x0800ae20   0x00000098   Code   RO         5835    i.cmp_lfn           ff.o
    0x0800aeb8   0x00000038   Code   RO         6647    i.cntIntro1End      tank_war.o
    0x0800aef0   0x00000114   Code   RO         6649    i.colTankCallBack   tank_war.o
    0x0800b004   0x000004e0   Code   RO         6801    i.contorlVehicle    car_run.o
    0x0800b4e4   0x000001b4   Code   RO         6445    i.controlCollecter  gold.o
    0x0800b698   0x000001b4   Code   RO         6802    i.controlCollecter  car_run.o
    0x0800b84c   0x0000036c   Code   RO         6446    i.controlGolds      gold.o
    0x0800bbb8   0x00000054   Code   RO         6447    i.controlSudu       gold.o
    0x0800bc0c   0x00000088   Code   RO         6448    i.creatBrow         gold.o
    0x0800bc94   0x00000010   Code   RO         6449    i.creatCar1         gold.o
    0x0800bca4   0x000000b0   Code   RO         6806    i.creatObstacle     car_run.o
    0x0800bd54   0x0000017c   Code   RO         6450    i.createGolds       gold.o
    0x0800bed0   0x00000120   Code   RO         5836    i.create_chain      ff.o
    0x0800bff0   0x000002c0   Code   RO         5837    i.create_name       ff.o
    0x0800c2b0   0x00000060   Code   RO         7153    i.cutOffClonedGclassNode  gui.o
    0x0800c310   0x00000060   Code   RO         6978    i.cutOffECLLNode    gameapi.o
    0x0800c370   0x00000064   Code   RO         6979    i.cutOffECLLNodeByGclass1  gameapi.o
    0x0800c3d4   0x00000060   Code   RO         6981    i.cutOffECTLNode    gameapi.o
    0x0800c434   0x00000060   Code   RO         6982    i.cutOffEEXLNode    gameapi.o
    0x0800c494   0x00000060   Code   RO         6983    i.cutOffETMLNode    gameapi.o
    0x0800c4f4   0x00000064   Code   RO         6984    i.cutOffETMLNodeByGclass  gameapi.o
    0x0800c558   0x0000000c   Code   RO         5838    i.dbc_1st           ff.o
    0x0800c564   0x0000000c   Code   RO         5839    i.dbc_2nd           ff.o
    0x0800c570   0x00000064   Code   RO         5408    i.decode_gesture    inv_mpu_dmp_motion_driver.o
    0x0800c5d4   0x00000014   Code   RO         3058    i.delay             in_output.o
    0x0800c5e8   0x0000000a   Code   RO         5607    i.delay_us          ioi2c.o
    0x0800c5f2   0x0000000e   Code   RO         7154    i.destructClonedGclass  gui.o
    0x0800c600   0x00000014   Code   RO         7155    i.destructClonedGclassNode  gui.o
    0x0800c614   0x00000030   Code   RO         6985    i.destructECLL      gameapi.o
    0x0800c644   0x00000030   Code   RO         6986    i.destructECTL      gameapi.o
    0x0800c674   0x00000058   Code   RO         6987    i.destructEEXL      gameapi.o
    0x0800c6cc   0x00000030   Code   RO         6988    i.destructETML      gameapi.o
    0x0800c6fc   0x00000028   Code   RO         7157    i.destructGclass    gui.o
    0x0800c724   0x00000014   Code   RO         7158    i.destructGclassNode  gui.o
    0x0800c738   0x0000000c   Code   RO         7159    i.destructShapeListNode  gui.o
    0x0800c744   0x00000060   Code   RO         5840    i.dir_alloc         ff.o
    0x0800c7a4   0x000000c2   Code   RO         5841    i.dir_clear         ff.o
    0x0800c866   0x000000fc   Code   RO         5842    i.dir_find          ff.o
    0x0800c962   0x000000c6   Code   RO         5843    i.dir_next          ff.o
    0x0800ca28   0x000000d2   Code   RO         5844    i.dir_read          ff.o
    0x0800cafa   0x00000142   Code   RO         5845    i.dir_register      ff.o
    0x0800cc3c   0x0000009a   Code   RO         5847    i.dir_sdi           ff.o
    0x0800ccd6   0x00000032   Code   RO         5786    i.disk_initialize   diskio.o
    0x0800cd08   0x00000070   Code   RO         5787    i.disk_ioctl        diskio.o
    0x0800cd78   0x000000c6   Code   RO         5788    i.disk_read         diskio.o
    0x0800ce3e   0x00000022   Code   RO         5789    i.disk_status       diskio.o
    0x0800ce60   0x000000a4   Code   RO         5790    i.disk_write        diskio.o
    0x0800cf04   0x0000003c   Code   RO         5409    i.dmp_enable_6x_lp_quat  inv_mpu_dmp_motion_driver.o
    0x0800cf40   0x0000021c   Code   RO         5410    i.dmp_enable_feature  inv_mpu_dmp_motion_driver.o
    0x0800d15c   0x00000058   Code   RO         5411    i.dmp_enable_gyro_cal  inv_mpu_dmp_motion_driver.o
    0x0800d1b4   0x0000003c   Code   RO         5412    i.dmp_enable_lp_quat  inv_mpu_dmp_motion_driver.o
    0x0800d1f0   0x00000018   Code   RO         5417    i.dmp_load_motion_driver_firmware  inv_mpu_dmp_motion_driver.o
    0x0800d208   0x000001cc   Code   RO         5418    i.dmp_read_fifo     inv_mpu_dmp_motion_driver.o
    0x0800d3d4   0x00000130   Code   RO         5421    i.dmp_set_accel_bias  inv_mpu_dmp_motion_driver.o
    0x0800d504   0x00000070   Code   RO         5422    i.dmp_set_fifo_rate  inv_mpu_dmp_motion_driver.o
    0x0800d574   0x00000130   Code   RO         5423    i.dmp_set_gyro_bias  inv_mpu_dmp_motion_driver.o
    0x0800d6a4   0x00000138   Code   RO         5425    i.dmp_set_orientation  inv_mpu_dmp_motion_driver.o
    0x0800d7dc   0x00000038   Code   RO         5428    i.dmp_set_shake_reject_thresh  inv_mpu_dmp_motion_driver.o
    0x0800d814   0x00000026   Code   RO         5429    i.dmp_set_shake_reject_time  inv_mpu_dmp_motion_driver.o
    0x0800d83a   0x00000026   Code   RO         5430    i.dmp_set_shake_reject_timeout  inv_mpu_dmp_motion_driver.o
    0x0800d860   0x00000046   Code   RO         5431    i.dmp_set_tap_axes  inv_mpu_dmp_motion_driver.o
    0x0800d8a6   0x00000026   Code   RO         5432    i.dmp_set_tap_count  inv_mpu_dmp_motion_driver.o
    0x0800d8cc   0x000001a0   Code   RO         5433    i.dmp_set_tap_thresh  inv_mpu_dmp_motion_driver.o
    0x0800da6c   0x00000026   Code   RO         5434    i.dmp_set_tap_time  inv_mpu_dmp_motion_driver.o
    0x0800da92   0x00000026   Code   RO         5435    i.dmp_set_tap_time_multi  inv_mpu_dmp_motion_driver.o
    0x0800dab8   0x000002b8   Code   RO         6451    i.drawCollectGold   gold.o
    0x0800dd70   0x00000134   Code   RO         6808    i.drawFlood         car_run.o
    0x0800dea4   0x000000dc   Code   RO         6452    i.drawGold          gold.o
    0x0800df80   0x00000280   Code   RO         6809    i.drawObstacle      car_run.o
    0x0800e200   0x000000bc   Code   RO         6810    i.drawVehicle       car_run.o
    0x0800e2bc   0x00000084   Code   RO         6989    i.eventScaner       gameapi.o
    0x0800e340   0x0000002a   Code   RO         5850    i.f_close           ff.o
    0x0800e36a   0x00000002   PAD
    0x0800e36c   0x00000088   Code   RO         5859    i.f_mount           ff.o
    0x0800e3f4   0x00000210   Code   RO         5860    i.f_open            ff.o
    0x0800e604   0x0000009a   Code   RO         5861    i.f_opendir         ff.o
    0x0800e69e   0x000001f2   Code   RO         5865    i.f_read            ff.o
    0x0800e890   0x00000078   Code   RO         5866    i.f_readdir         ff.o
    0x0800e908   0x000000b0   Code   RO         5870    i.f_sync            ff.o
    0x0800e9b8   0x00000054   Code   RO         6236    i.ff_cre_syncobj    ffsystem.o
    0x0800ea0c   0x00000020   Code   RO         6237    i.ff_del_syncobj    ffsystem.o
    0x0800ea2c   0x0000000c   Code   RO         6238    i.ff_memalloc       ffsystem.o
    0x0800ea38   0x0000000c   Code   RO         6239    i.ff_memfree        ffsystem.o
    0x0800ea44   0x0000002c   Code   RO         6281    i.ff_oem2uni        ffunicode.o
    0x0800ea70   0x00000014   Code   RO         6240    i.ff_rel_grant      ffsystem.o
    0x0800ea84   0x00000028   Code   RO         6241    i.ff_req_grant      ffsystem.o
    0x0800eaac   0x00000040   Code   RO         6282    i.ff_uni2oem        ffunicode.o
    0x0800eaec   0x000000b0   Code   RO         6283    i.ff_wtoupper       ffunicode.o
    0x0800eb9c   0x0000031c   Code   RO         5874    i.find_volume       ff.o
    0x0800eeb8   0x000000ca   Code   RO         5875    i.follow_path       ff.o
    0x0800ef82   0x00000002   PAD
    0x0800ef84   0x00000050   Code   RO         7886    i.free              mc_w.l(malloc.o)
    0x0800efd4   0x00000064   Code   RO         6990    i.gameAPIInit       gameapi.o
    0x0800f038   0x00000008   Code   RO         6811    i.gameCarGaming     car_run.o
    0x0800f040   0x00000044   Code   RO         6812    i.gameCarInit       car_run.o
    0x0800f084   0x00000068   Code   RO         6813    i.gameCarReg        car_run.o
    0x0800f0ec   0x0000003c   Code   RO         6814    i.gameCarTerminate  car_run.o
    0x0800f128   0x00000068   Code   RO         6453    i.gameGoldReg       gold.o
    0x0800f190   0x00000230   Code   RO         7351    i.gamePlatformLoop  gplatform.o
    0x0800f3c0   0x0000002c   Code   RO         7352    i.gameReg           gplatform.o
    0x0800f3ec   0x00000008   Code   RO         6454    i.gameTankGaming    gold.o
    0x0800f3f4   0x00000008   Code   RO         6650    i.gameTankGaming    tank_war.o
    0x0800f3fc   0x00000044   Code   RO         6455    i.gameTankInit      gold.o
    0x0800f440   0x000003c8   Code   RO         6651    i.gameTankInit      tank_war.o
    0x0800f808   0x0000003c   Code   RO         6313    i.gameTankTerminate  game_ball.o
    0x0800f844   0x0000003c   Code   RO         6456    i.gameTankTerminate  gold.o
    0x0800f880   0x000000f4   Code   RO         6652    i.gameTankTerminate  tank_war.o
    0x0800f974   0x00000068   Code   RO         6653    i.gameTankWarReg    tank_war.o
    0x0800f9dc   0x000000cc   Code   RO         5876    i.gen_numname       ff.o
    0x0800faa8   0x0000000c   Code   RO         6991    i.generalLoop       gameapi.o
    0x0800fab4   0x00000018   Code   RO         6992    i.generalTerminate  gameapi.o
    0x0800facc   0x00000032   Code   RO         7162    i.getGclassPoint    gui.o
    0x0800fafe   0x00000002   PAD
    0x0800fb00   0x000000b4   Code   RO         5118    i.get_accel_prod_shift  inv_mpu.o
    0x0800fbb4   0x000000e0   Code   RO         5877    i.get_fat           ff.o
    0x0800fc94   0x00000176   Code   RO         5878    i.get_fileinfo      ff.o
    0x0800fe0a   0x00000002   PAD
    0x0800fe0c   0x00000054   Code   RO         5879    i.get_ldnumber      ff.o
    0x0800fe60   0x00000480   Code   RO         5119    i.get_st_biases     inv_mpu.o
    0x080102e0   0x00000058   Code   RO         7163    i.guiInit           gui.o
    0x08010338   0x00000118   Code   RO         5120    i.gyro_self_test    inv_mpu.o
    0x08010450   0x00000198   Code   RO         6457    i.init              gold.o
    0x080105e8   0x00000124   Code   RO         6815    i.initCar           car_run.o
    0x0801070c   0x00000010   Code   RO         6458    i.initGoldQueue     gold.o
    0x0801071c   0x00000010   Code   RO         6816    i.initGoldQueue     car_run.o
    0x0801072c   0x000000d4   Code   RO         6654    i.intro1            tank_war.o
    0x08010800   0x00000028   Code   RO         5696    i.inv_orientation_matrix_to_scalar  mpu6050.o
    0x08010828   0x0000004e   Code   RO         5697    i.inv_row_2_scale   mpu6050.o
    0x08010876   0x00000112   Code   RO         6993    i.isCollided        gameapi.o
    0x08010988   0x00000034   Code   RO         6994    i.isCounterOver     gameapi.o
    0x080109bc   0x00000034   Code   RO         6995    i.isTimeUp          gameapi.o
    0x080109f0   0x00000024   Code   RO         3495    i.iwdg_init         iwdg.o
    0x08010a14   0x00000044   Code   RO         6817    i.judge             car_run.o
    0x08010a58   0x00000054   Code   RO         6459    i.judgeMode         gold.o
    0x08010aac   0x0000003c   Code   RO         6314    i.key               game_ball.o
    0x08010ae8   0x00000026   Code   RO         5880    i.ld_clust          ff.o
    0x08010b0e   0x00000018   Code   RO         5881    i.ld_dword          ff.o
    0x08010b26   0x0000000c   Code   RO         5882    i.ld_word           ff.o
    0x08010b32   0x00000016   Code   RO         6316    i.light_led         game_ball.o
    0x08010b48   0x00000020   Code   RO         5883    i.lock_fs           ff.o
    0x08010b68   0x00000060   Code   RO         2265    i.main              app.o
    0x08010bc8   0x0000006c   Code   RO         7887    i.malloc            mc_w.l(malloc.o)
    0x08010c34   0x0000000e   Code   RO         6996    i.max               gameapi.o
    0x08010c42   0x00000024   Code   RO         5884    i.mem_cmp           ff.o
    0x08010c66   0x0000001a   Code   RO         5885    i.mem_cpy           ff.o
    0x08010c80   0x00000012   Code   RO         5886    i.mem_set           ff.o
    0x08010c92   0x0000000e   Code   RO         6997    i.min               gameapi.o
    0x08010ca0   0x00000050   Code   RO         6460    i.money             gold.o
    0x08010cf0   0x00000012   Code   RO         7164    i.moveX             gui.o
    0x08010d02   0x00000012   Code   RO         7165    i.moveY             gui.o
    0x08010d14   0x00000034   Code   RO         5887    i.move_window       ff.o
    0x08010d48   0x00000070   Code   RO         5121    i.mpu_configure_fifo  inv_mpu.o
    0x08010db8   0x0000004c   Code   RO         5122    i.mpu_get_accel_fsr  inv_mpu.o
    0x08010e04   0x00000054   Code   RO         5124    i.mpu_get_accel_sens  inv_mpu.o
    0x08010e58   0x00000010   Code   RO         5129    i.mpu_get_fifo_config  inv_mpu.o
    0x08010e68   0x00000044   Code   RO         5130    i.mpu_get_gyro_fsr  inv_mpu.o
    0x08010eac   0x00000050   Code   RO         5132    i.mpu_get_gyro_sens  inv_mpu.o
    0x08010efc   0x00000050   Code   RO         5134    i.mpu_get_lpf       inv_mpu.o
    0x08010f4c   0x00000020   Code   RO         5136    i.mpu_get_sample_rate  inv_mpu.o
    0x08010f6c   0x00000194   Code   RO         5138    i.mpu_init          inv_mpu.o
    0x08011100   0x000000b8   Code   RO         5139    i.mpu_load_firmware  inv_mpu.o
    0x080111b8   0x000000e0   Code   RO         5140    i.mpu_lp_accel_mode  inv_mpu.o
    0x08011298   0x000000c0   Code   RO         5143    i.mpu_read_fifo_stream  inv_mpu.o
    0x08011358   0x00000080   Code   RO         5144    i.mpu_read_mem      inv_mpu.o
    0x080113d8   0x000001bc   Code   RO         5147    i.mpu_reset_fifo    inv_mpu.o
    0x08011594   0x0000011c   Code   RO         5148    i.mpu_run_self_test  inv_mpu.o
    0x080116b0   0x00000084   Code   RO         5150    i.mpu_set_accel_fsr  inv_mpu.o
    0x08011734   0x00000154   Code   RO         5151    i.mpu_set_bypass    inv_mpu.o
    0x08011888   0x00000090   Code   RO         5153    i.mpu_set_dmp_state  inv_mpu.o
    0x08011918   0x00000088   Code   RO         5154    i.mpu_set_gyro_fsr  inv_mpu.o
    0x080119a0   0x0000006c   Code   RO         5155    i.mpu_set_int_latched  inv_mpu.o
    0x08011a0c   0x00000084   Code   RO         5157    i.mpu_set_lpf       inv_mpu.o
    0x08011a90   0x0000009c   Code   RO         5158    i.mpu_set_sample_rate  inv_mpu.o
    0x08011b2c   0x000000d0   Code   RO         5159    i.mpu_set_sensors   inv_mpu.o
    0x08011bfc   0x00000080   Code   RO         5160    i.mpu_write_mem     inv_mpu.o
    0x08011c7c   0x00000002   Code   RO         5161    i.myget_ms          inv_mpu.o
    0x08011c7e   0x00000002   PAD
    0x08011c80   0x000000c0   Code   RO         7166    i.newGclass         gui.o
    0x08011d40   0x00000148   Code   RO         6998    i.outputLists       gameapi.o
    0x08011e88   0x00000088   Code   RO         5888    i.pick_lfn          ff.o
    0x08011f10   0x00000104   Code   RO         6819    i.playMusce         car_run.o
    0x08012014   0x00000058   Code   RO         6317    i.play_music        game_ball.o
    0x0801206c   0x00000138   Code   RO         5889    i.put_fat           ff.o
    0x080121a4   0x00000080   Code   RO         5890    i.put_lfn           ff.o
    0x08012224   0x00000042   Code   RO         5891    i.put_utf           ff.o
    0x08012266   0x00000016   Code   RO         6318    i.random            game_ball.o
    0x0801227c   0x00000020   Code   RO         6655    i.redTankBulletCallBack  tank_war.o
    0x0801229c   0x00000014   Code   RO         6656    i.redTankBulletMonitor  tank_war.o
    0x080122b0   0x0000009a   Code   RO         5895    i.remove_chain      ff.o
    0x0801234a   0x00000002   PAD
    0x0801234c   0x0000003c   Code   RO         7167    i.rendStartUp       gui.o
    0x08012388   0x00000154   Code   RO         7168    i.render            gui.o
    0x080124dc   0x00000090   Code   RO         5698    i.run_self_test     mpu6050.o
    0x0801256c   0x00000008   Code   RO         7353    i.select            gplatform.o
    0x08012574   0x000001cc   Code   RO         7354    i.selectInit        gplatform.o
    0x08012740   0x0000005c   Code   RO         7355    i.selectTerminate   gplatform.o
    0x0801279c   0x00000004   Code   RO         7172    i.setFlpud          gui.o
    0x080127a0   0x00000020   Code   RO         7173    i.setLocation       gui.o
    0x080127c0   0x00000090   Code   RO         5162    i.set_int_enable    inv_mpu.o
    0x08012850   0x0000004c   Code   RO         7996    i.sqrt              m_ws.l(sqrt.o)
    0x0801289c   0x00000024   Code   RO         5896    i.st_clust          ff.o
    0x080128c0   0x00000018   Code   RO         5897    i.st_dword          ff.o
    0x080128d8   0x0000000c   Code   RO         5898    i.st_word           ff.o
    0x080128e4   0x00000144   Code   RO         7356    i.stateSwitch       gplatform.o
    0x08012a28   0x00000032   Code   RO         2583    i.strcasestr        wavplay.o
    0x08012a5a   0x00000002   PAD
    0x08012a5c   0x0000008c   Code   RO         6821    i.sudu              car_run.o
    0x08012ae8   0x00000020   Code   RO         5899    i.sum_sfn           ff.o
    0x08012b08   0x00000090   Code   RO         5900    i.sync_fs           ff.o
    0x08012b98   0x0000004a   Code   RO         5901    i.sync_window       ff.o
    0x08012be2   0x0000004c   Code   RO         5902    i.tchar2uni         ff.o
    0x08012c2e   0x00000002   PAD
    0x08012c30   0x00000050   Code   RO         6657    i.tmrBulletBlueTankFlyCallBack  tank_war.o
    0x08012c80   0x00000048   Code   RO         6658    i.tmrBulletRedTankFlyCallBack  tank_war.o
    0x08012cc8   0x0000018c   Code   RO         6659    i.tmrFireCallBack   tank_war.o
    0x08012e54   0x0000005c   Code   RO         6660    i.tmrFlagUp         tank_war.o
    0x08012eb0   0x00000124   Code   RO         6661    i.tmrIntro1Animation  tank_war.o
    0x08012fd4   0x00000030   Code   RO         5903    i.unlock_fs         ff.o
    0x08013004   0x00000052   Code   RO         5904    i.validate          ff.o
    0x08013056   0x00000002   PAD
    0x08013058   0x0000009c   Code   RO         6464    i.win               gold.o
    0x080130f4   0x00000060   Code   RO         6465    i.winners           gold.o
    0x08013154   0x00000078   Code   RO         6466    i.yuzhi             gold.o
    0x080131cc   0x000002f8   Data   RO         2703    .constdata          drawing.o
    0x080134c4   0x000000a4   Data   RO         4208    .constdata          os_cfg_app.o
    0x08013568   0x0000016c   Data   RO         4437    .constdata          os_dbg.o
    0x080136d4   0x00000050   Data   RO         5163    .constdata          inv_mpu.o
    0x08013724   0x00000bf6   Data   RO         5437    .constdata          inv_mpu_dmp_motion_driver.o
    0x0801431a   0x000000ba   Data   RO         5906    .constdata          ff.o
    0x080143d4   0x000003ae   Data   RO         6284    .constdata          ffunicode.o
    0x08014782   0x00000002   PAD
    0x08014784   0x00000dcc   Data   RO         6425    .constdata          shapeballs.o
    0x08015550   0x000006c0   Data   RO         7174    .constdata          gui.o
    0x08015c10   0x00000c78   Data   RO         7335    .constdata          shapes.o
    0x08016888   0x00000050   Data   RO         7567    .constdata          m_ws.l(asin.o)
    0x080168d8   0x00000081   Data   RO         8053    .constdata          mc_w.l(ctype_o.o)
    0x08016959   0x00000003   PAD
    0x0801695c   0x00000004   Data   RO         8054    .constdata          mc_w.l(ctype_o.o)
    0x08016960   0x00000020   Data   RO         8088    Region$$Table       anon$$obj.o


    Execution Region RW_IRAM1 (Base: 0x20000000, Size: 0x0000ff30, Max: 0x00010000, ABSOLUTE, COMPRESSED[0x0000012c])

    Base Addr    Size         Type   Attr      Idx    E Section Name        Object

    0x20000000   0x00000014   Data   RW           28    .data               system_stm32f10x.o
    0x20000014   0x00000014   Data   RW          419    .data               stm32f10x_rcc.o
    0x20000028   0x00000003   Data   RW         2267    .data               app.o
    0x2000002b   0x00000001   PAD
    0x2000002c   0x0000000d   Data   RW         2514    .data               control.o
    0x20000039   0x00000003   PAD
    0x2000003c   0x00000009   Data   RW         2585    .data               wavplay.o
    0x20000045   0x00000003   PAD
    0x20000048   0x00000044   Data   RW         2791    .data               gprs.o
    0x2000008c   0x00000018   Data   RW         3132    .data               sdio_sdcard.o
    0x200000a4   0x00000004   Data   RW         3528    .data               adc.o
    0x200000a8   0x00000001   Data   RW         3550    .data               x9313w.o
    0x200000a9   0x00000003   PAD
    0x200000ac   0x0000001c   Data   RW         3602    .data               cpu_core.o
    0x200000c8   0x00000008   Data   RW         4611    .data               os_prio.o
    0x200000d0   0x00000078   Data   RW         5035    .data               os_var.o
    0x20000148   0x00000004   Data   RW         5060    .data               os_cpu_c.o
    0x2000014c   0x0000002c   Data   RW         5164    .data               inv_mpu.o
    0x20000178   0x00000009   Data   RW         5700    .data               mpu6050.o
    0x20000181   0x00000001   PAD
    0x20000182   0x00000003   Data   RW         5907    .data               ff.o
    0x20000185   0x00000003   PAD
    0x20000188   0x00000068   Data   RW         6320    .data               game_ball.o
    0x200001f0   0x00000084   Data   RW         6468    .data               gold.o
    0x20000274   0x00000078   Data   RW         6665    .data               tank_war.o
    0x200002ec   0x000000d1   Data   RW         6824    .data               car_run.o
    0x200003bd   0x00000003   PAD
    0x200003c0   0x00000010   Data   RW         6999    .data               gameapi.o
    0x200003d0   0x00000014   Data   RW         7175    .data               gui.o
    0x200003e4   0x0000001f   Data   RW         7358    .data               gplatform.o
    0x20000403   0x00000001   PAD
    0x20000404   0x00000004   Data   RW         7609    .data               mc_w.l(rand.o)
    0x20000408   0x00000004   Data   RW         8028    .data               mc_w.l(mvars.o)
    0x2000040c   0x00000004   Data   RW         8029    .data               mc_w.l(mvars.o)
    0x20000410   0x00000004   Data   RW         8033    .data               mc_w.l(errno.o)
    0x20000414   0x000031f8   Zero   RW         2266    .bss                app.o
    0x2000360c   0x00000070   Zero   RW         2513    .bss                control.o
    0x2000367c   0x000038f8   Zero   RW         2584    .bss                wavplay.o
    0x20006f74   0x00000388   Zero   RW         2658    .bss                update.o
    0x200072fc   0x000032a2   Zero   RW         2702    .bss                drawing.o
    0x2000a59e   0x00000002   PAD
    0x2000a5a0   0x0000011c   Zero   RW         2790    .bss                gprs.o
    0x2000a6bc   0x00000004   PAD
    0x2000a6c0   0x000000bc   Zero   RW         3131    .bss                sdio_sdcard.o
    0x2000a77c   0x00000402   Zero   RW         3412    .bss                usart.o
    0x2000ab7e   0x00000050   Zero   RW         3527    .bss                adc.o
    0x2000abce   0x00000010   Zero   RW         3600    .bss                cpu_core.o
    0x2000abde   0x00000002   PAD
    0x2000abe0   0x00000b10   Zero   RW         4207    .bss                os_cfg_app.o
    0x2000b6f0   0x00000590   Zero   RW         5034    .bss                os_var.o
    0x2000bc80   0x00000010   Zero   RW         5436    .bss                inv_mpu_dmp_motion_driver.o
    0x2000bc90   0x00000028   Zero   RW         5905    .bss                ff.o
    0x2000bcb8   0x000001b8   Zero   RW         6242    .bss                ffsystem.o
    0x2000be70   0x00000018   Zero   RW         6319    .bss                game_ball.o
    0x2000be88   0x00000028   Zero   RW         6467    .bss                gold.o
    0x2000beb0   0x00000018   Zero   RW         6664    .bss                tank_war.o
    0x2000bec8   0x00000038   Zero   RW         6823    .bss                car_run.o
    0x2000bf00   0x00000030   Zero   RW         7357    .bss                gplatform.o
    0x2000bf30   0x00002000   Zero   RW            2    HEAP                startup_stm32f10x_hd.o
    0x2000df30   0x00002000   Zero   RW            1    STACK               startup_stm32f10x_hd.o


==============================================================================

Image component sizes


      Code (inc. data)   RO Data    RW Data    ZI Data      Debug   Object Name

       892         50          0          4         80       2188   adc.o
      1734        494          0          3      12792      33960   app.o
       156         32          0          0          0       1339   bsp.o
      4574        504          0        209         56      16247   car_run.o
      1292        222          0         13        112       5670   control.o
         0          0          0          0          0       4496   core_cm3.o
        52          0          0          0          0        320   cpu_a.o
       540         98          0         28         16       8405   cpu_core.o
       176         46          0          0          0        612   debug.o
       558          4          0          0          0       4587   diskio.o
      1132         36        760          0      12962       5273   drawing.o
        72          4          0          0          0        522   exti.o
      7864        102        186          3         40      55069   ff.o
       200         20          0          0        440       3849   ffsystem.o
       284         32        942          0          0       2620   ffunicode.o
        24          0          0          0          0        977   flash.o
      1468        244          0        104         24       9981   game_ball.o
      2118        310          0         16          0      16029   gameapi.o
      4864        694          0        132         40      17537   gold.o
      1866        480          0         31         48       8962   gplatform.o
       976        226          0         68        284       6325   gprs.o
      1872        292       1728         20          0      13755   gui.o
       412         46          0          0          0       3388   iis.o
       272         28          0          0          0       1432   in_output.o
      5822        204         80         44          0      29861   inv_mpu.o
      3096        122       3062          0         16      19698   inv_mpu_dmp_motion_driver.o
       866         96          0          0          0       6867   ioi2c.o
        36          6          0          0          0        420   iwdg.o
       116          0          0          0          0       1916   lib_mem.o
       132         22          0          0          0       1603   misc.o
       660         18          0          9          0       4712   mpu6050.o
       248         20          0          0          0      16325   nvic.o
         2          0        164          0       2832      18619   os_cfg_app.o
      2550        300          0          0          0      18353   os_core.o
       132         32          0          0          0        364   os_cpu_a.o
       356         26          0          4          0       6492   os_cpu_c.o
       380        248        364          0          0       4849   os_dbg.o
      1542         56          0          0          0       7565   os_flag.o
      1536         86          0          0          0       6583   os_mutex.o
       136         16          0          8          0       2790   os_prio.o
        24         10          0          0          0        929   os_sem.o
      1476        184          0          0          0       3771   os_stat.o
      2798        136          0          0          0      11693   os_task.o
      1188        118          0          0          0       5213   os_tick.o
       256         28          0          0          0       1657   os_time.o
      1106        148          0          0          0       6130   os_tmr.o
         0          0          0        120       1424      16966   os_var.o
       152         10          0          0          0        999   pcm1770.o
      4700        330          0         24        188      31699   sdio_sdcard.o
         0          0       3532          0          0       1515   shapeballs.o
         0          0       3192          0          0       1980   shapes.o
       340         28          0          0          0       1148   spi.o
        36          8        304          0      16384        852   startup_stm32f10x_hd.o
       390         10          0          0          0       7293   stm32f10x_adc.o
       130         10          0          0          0       3912   stm32f10x_dma.o
       148          6          0          0          0       1068   stm32f10x_exti.o
       360          4          0          0          0       3238   stm32f10x_gpio.o
       314         62          0          0          0      49409   stm32f10x_it.o
       396         56          0         20          0       6651   stm32f10x_rcc.o
       372         86          0          0          0       9531   stm32f10x_sdio.o
       358          6          0          0          0       4175   stm32f10x_spi.o
       522         28          0          0          0       5995   stm32f10x_usart.o
       328         28          0         20          0     267445   system_stm32f10x.o
       112         12          0          0          0      15746   systick.o
      4182        992          0        120         24      13611   tank_war.o
         2          0          0          0          0        391   tim.o
       112         12          0          0        904       2038   update.o
       712         66          0          0       1026       3702   usart.o
      1010        106          0          9      14584       6310   wavplay.o
       448         20          0          1          0       2017   x9313w.o

    ----------------------------------------------------------------------
     73044       7720      14348       1028      64284     857644   Object Totals
         0          0         32          0          0          0   (incl. Generated)
        64          0          2         18          8          0   (incl. Padding)

    ----------------------------------------------------------------------

      Code (inc. data)   RO Data    RW Data    ZI Data      Debug   Library Member Name

       624         52         80          0          0        168   asin.o
        34          6          0          0          0        204   dunder.o
        40          0          0          0          0         68   fpclassify.o
       170          0          0          0          0         96   poly.o
        76          0          0          0          0         84   sqrt.o
        86          0          0          0          0          0   __dczerorl2.o
        28          0          0          0          0         68   _chval.o
       158          0          0          0          0         92   _strtoul.o
        26          0          0          0          0         80   atoi.o
         8          4        133          0          0         68   ctype_o.o
         0          0          0          0          0          0   entry.o
         0          0          0          0          0          0   entry10a.o
         0          0          0          0          0          0   entry11a.o
         8          4          0          0          0          0   entry2.o
         4          0          0          0          0          0   entry5.o
         0          0          0          0          0          0   entry7b.o
         0          0          0          0          0          0   entry8b.o
         8          4          0          0          0          0   entry9a.o
        20         10          0          4          0        136   errno.o
        30          0          0          0          0          0   handlers.o
        36          8          0          0          0         68   init.o
         0          0          0          0          0          0   iusefp.o
        98          0          0          0          0         84   ldiv.o
        30          0          0          0          0         68   llshl.o
        36          0          0          0          0         68   llsshr.o
        32          0          0          0          0         68   llushr.o
       188         20          0          0          0        160   malloc.o
        26          0          0          0          0         80   memcmp.o
        36          0          0          0          0         68   memcpya.o
        36          0          0          0          0        108   memseta.o
         0          0          0          8          0          0   mvars.o
       754         52          0          0          0        252   printf5.o
        36         10          0          4          0        136   rand.o
        14          0          0          0          0         68   strlen.o
        50          0          0          0          0         84   strncasecmp.o
       112          0          0          0          0         88   strtol.o
        12          0          0          0          0         68   tolower.o
        98          0          0          0          0         92   uldiv.o
        20          0          0          0          0         68   cfcmple.o
        20          0          0          0          0         68   cfrcmple.o
        56          0          0          0          0         88   d2f.o
       334          0          0          0          0        148   dadd.o
       222          0          0          0          0        100   ddiv.o
       186          0          0          0          0        176   depilogue.o
        50          0          0          0          0         76   dfixui.o
        26          0          0          0          0         76   dfltui.o
       228          0          0          0          0         96   dmul.o
        46          0          0          0          0         80   dscalb.o
       162          0          0          0          0        100   dsqrt.o
        38          0          0          0          0         68   f2d.o
       176          0          0          0          0        140   fadd.o
       124          0          0          0          0         88   fdiv.o
       110          0          0          0          0        168   fepilogue.o
        50          0          0          0          0         68   ffixi.o
        40          0          0          0          0         68   ffixui.o
        18          0          0          0          0         68   fflti.o
        10          0          0          0          0         68   ffltui.o
       100          0          0          0          0         76   fmul.o

    ----------------------------------------------------------------------
      4936        170        216         16          0       4512   Library Totals
         6          0          3          0          0          0   (incl. Padding)

    ----------------------------------------------------------------------

      Code (inc. data)   RO Data    RW Data    ZI Data      Debug   Library Name

       944         58         80          0          0        620   m_ws.l
      1970        112        133         16          0       2004   mc_w.l
      2016          0          0          0          0       1888   mf_w.l

    ----------------------------------------------------------------------
      4936        170        216         16          0       4512   Library Totals

    ----------------------------------------------------------------------

==============================================================================


      Code (inc. data)   RO Data    RW Data    ZI Data      Debug   

     77980       7890      14564       1044      64284     831240   Grand Totals
     77980       7890      14564        300      64284     831240   ELF Image Totals (compressed)
     77980       7890      14564        300          0          0   ROM Totals

==============================================================================

    Total RO  Size (Code + RO Data)                92544 (  90.38kB)
    Total RW  Size (RW Data + ZI Data)             65328 (  63.80kB)
    Total ROM Size (Code + RO Data + RW Data)      92844 (  90.67kB)

==============================================================================

